Archive member included to satisfy reference by file (symbol)

C:/ST/STM32CubeIDE_1.13.2/STM32CubeIDE/plugins/com.st.stm32cube.ide.mcu.externaltools.gnu-tools-for-stm32.11.3.rel1.win32_1.1.100.202309141235/tools/bin/../lib/gcc/arm-none-eabi/11.3.1/../../../../arm-none-eabi/lib/thumb/v7e-m+fp/hard\libc_nano.a(libc_a-atoi.o)
                              ./H_Drivers/Bluetooth/Bluetooth.o (atoi)
C:/ST/STM32CubeIDE_1.13.2/STM32CubeIDE/plugins/com.st.stm32cube.ide.mcu.externaltools.gnu-tools-for-stm32.11.3.rel1.win32_1.1.100.202309141235/tools/bin/../lib/gcc/arm-none-eabi/11.3.1/../../../../arm-none-eabi/lib/thumb/v7e-m+fp/hard\libc_nano.a(libc_a-exit.o)
                              C:/ST/STM32CubeIDE_1.13.2/STM32CubeIDE/plugins/com.st.stm32cube.ide.mcu.externaltools.gnu-tools-for-stm32.11.3.rel1.win32_1.1.100.202309141235/tools/bin/../lib/gcc/arm-none-eabi/11.3.1/../../../../arm-none-eabi/lib/thumb/v7e-m+fp/hard/crt0.o (exit)
C:/ST/STM32CubeIDE_1.13.2/STM32CubeIDE/plugins/com.st.stm32cube.ide.mcu.externaltools.gnu-tools-for-stm32.11.3.rel1.win32_1.1.100.202309141235/tools/bin/../lib/gcc/arm-none-eabi/11.3.1/../../../../arm-none-eabi/lib/thumb/v7e-m+fp/hard\libc_nano.a(libc_a-malloc.o)
                              ./INITs_Uitilities/Queue/queue.o (malloc)
C:/ST/STM32CubeIDE_1.13.2/STM32CubeIDE/plugins/com.st.stm32cube.ide.mcu.externaltools.gnu-tools-for-stm32.11.3.rel1.win32_1.1.100.202309141235/tools/bin/../lib/gcc/arm-none-eabi/11.3.1/../../../../arm-none-eabi/lib/thumb/v7e-m+fp/hard\libc_nano.a(libc_a-mallocr.o)
                              C:/ST/STM32CubeIDE_1.13.2/STM32CubeIDE/plugins/com.st.stm32cube.ide.mcu.externaltools.gnu-tools-for-stm32.11.3.rel1.win32_1.1.100.202309141235/tools/bin/../lib/gcc/arm-none-eabi/11.3.1/../../../../arm-none-eabi/lib/thumb/v7e-m+fp/hard\libc_nano.a(libc_a-malloc.o) (_malloc_r)
C:/ST/STM32CubeIDE_1.13.2/STM32CubeIDE/plugins/com.st.stm32cube.ide.mcu.externaltools.gnu-tools-for-stm32.11.3.rel1.win32_1.1.100.202309141235/tools/bin/../lib/gcc/arm-none-eabi/11.3.1/../../../../arm-none-eabi/lib/thumb/v7e-m+fp/hard\libc_nano.a(libc_a-mlock.o)
                              C:/ST/STM32CubeIDE_1.13.2/STM32CubeIDE/plugins/com.st.stm32cube.ide.mcu.externaltools.gnu-tools-for-stm32.11.3.rel1.win32_1.1.100.202309141235/tools/bin/../lib/gcc/arm-none-eabi/11.3.1/../../../../arm-none-eabi/lib/thumb/v7e-m+fp/hard\libc_nano.a(libc_a-mallocr.o) (__malloc_lock)
C:/ST/STM32CubeIDE_1.13.2/STM32CubeIDE/plugins/com.st.stm32cube.ide.mcu.externaltools.gnu-tools-for-stm32.11.3.rel1.win32_1.1.100.202309141235/tools/bin/../lib/gcc/arm-none-eabi/11.3.1/../../../../arm-none-eabi/lib/thumb/v7e-m+fp/hard\libc_nano.a(libc_a-realloc.o)
                              ./INITs_Uitilities/cJSON/cJSON.o (realloc)
C:/ST/STM32CubeIDE_1.13.2/STM32CubeIDE/plugins/com.st.stm32cube.ide.mcu.externaltools.gnu-tools-for-stm32.11.3.rel1.win32_1.1.100.202309141235/tools/bin/../lib/gcc/arm-none-eabi/11.3.1/../../../../arm-none-eabi/lib/thumb/v7e-m+fp/hard\libc_nano.a(libc_a-reallocr.o)
                              C:/ST/STM32CubeIDE_1.13.2/STM32CubeIDE/plugins/com.st.stm32cube.ide.mcu.externaltools.gnu-tools-for-stm32.11.3.rel1.win32_1.1.100.202309141235/tools/bin/../lib/gcc/arm-none-eabi/11.3.1/../../../../arm-none-eabi/lib/thumb/v7e-m+fp/hard\libc_nano.a(libc_a-realloc.o) (_realloc_r)
C:/ST/STM32CubeIDE_1.13.2/STM32CubeIDE/plugins/com.st.stm32cube.ide.mcu.externaltools.gnu-tools-for-stm32.11.3.rel1.win32_1.1.100.202309141235/tools/bin/../lib/gcc/arm-none-eabi/11.3.1/../../../../arm-none-eabi/lib/thumb/v7e-m+fp/hard\libc_nano.a(libc_a-strtod.o)
                              ./INITs_Uitilities/cJSON/cJSON.o (strtod)
C:/ST/STM32CubeIDE_1.13.2/STM32CubeIDE/plugins/com.st.stm32cube.ide.mcu.externaltools.gnu-tools-for-stm32.11.3.rel1.win32_1.1.100.202309141235/tools/bin/../lib/gcc/arm-none-eabi/11.3.1/../../../../arm-none-eabi/lib/thumb/v7e-m+fp/hard\libc_nano.a(libc_a-strtol.o)
                              C:/ST/STM32CubeIDE_1.13.2/STM32CubeIDE/plugins/com.st.stm32cube.ide.mcu.externaltools.gnu-tools-for-stm32.11.3.rel1.win32_1.1.100.202309141235/tools/bin/../lib/gcc/arm-none-eabi/11.3.1/../../../../arm-none-eabi/lib/thumb/v7e-m+fp/hard\libc_nano.a(libc_a-atoi.o) (_strtol_r)
C:/ST/STM32CubeIDE_1.13.2/STM32CubeIDE/plugins/com.st.stm32cube.ide.mcu.externaltools.gnu-tools-for-stm32.11.3.rel1.win32_1.1.100.202309141235/tools/bin/../lib/gcc/arm-none-eabi/11.3.1/../../../../arm-none-eabi/lib/thumb/v7e-m+fp/hard\libc_nano.a(libc_a-ctype_.o)
                              ./INITs_Uitilities/cJSON/cJSON.o (_ctype_)
C:/ST/STM32CubeIDE_1.13.2/STM32CubeIDE/plugins/com.st.stm32cube.ide.mcu.externaltools.gnu-tools-for-stm32.11.3.rel1.win32_1.1.100.202309141235/tools/bin/../lib/gcc/arm-none-eabi/11.3.1/../../../../arm-none-eabi/lib/thumb/v7e-m+fp/hard\libc_nano.a(libc_a-nano-vfprintf_float.o)
                              (_printf_float)
[...]
Memory Configuration

Name             Origin             Length             Attributes
RAM              0x0000000020000000 0x0000000000010000 xrw
FLASH            0x0000000008000000 0x0000000000040000 xr
*default*        0x0000000000000000 0xffffffffffffffff

Linker script and memory map

LOAD C:/ST/STM32CubeIDE_1.13.2/STM32CubeIDE/plugins/com.st.stm32cube.ide.mcu.externaltools.gnu-tools-for-stm32.11.3.rel1.win32_1.1.100.202309141235/tools/bin/../lib/gcc/arm-none-eabi/11.3.1/thumb/v7e-m+fp/hard/crti.o
LOAD C:/ST/STM32CubeIDE_1.13.2/STM32CubeIDE/plugins/com.st.stm32cube.ide.mcu.externaltools.gnu-tools-for-stm32.11.3.rel1.win32_1.1.100.202309141235/tools/bin/../lib/gcc/arm-none-eabi/11.3.1/thumb/v7e-m+fp/hard/crtbegin.o
LOAD C:/ST/STM32CubeIDE_1.13.2/STM32CubeIDE/plugins/com.st.stm32cube.ide.mcu.externaltools.gnu-tools-for-stm32.11.3.rel1.win32_1.1.100.202309141235/tools/bin/../lib/gcc/arm-none-eabi/11.3.1/../../../../arm-none-eabi/lib/thumb/v7e-m+fp/hard/crt0.o
LOAD ./Application/FCW_Task/FCW_Task.o
LOAD ./Application/Lidar_Task/Lidar_Task.o
LOAD ./Application/MOV_Task/MOv.o
LOAD ./Application/MPU_Task/MPU_Mod.o
LOAD ./Application/Raspberry_TX_Task/Ras_TX_Task.o
LOAD ./Application/testing/test.o
LOAD ./Core/Src/freertos.o
LOAD ./Core/Src/main.o
LOAD ./Core/Src/stm32f4xx_hal_msp.o
LOAD ./Core/Src/stm32f4xx_hal_timebase_tim.o
LOAD ./Core/Src/stm32f4xx_it.o
LOAD ./Core/Src/syscalls.o
LOAD ./Core/Src/sysmem.o
LOAD ./Core/Src/system_stm32f4xx.o
LOAD ./Core/Startup/startup_stm32f401rctx.o
LOAD ./Drivers/STM32F4xx_HAL_Driver/Src/stm32f4xx_hal.o
LOAD ./Drivers/STM32F4xx_HAL_Driver/Src/stm32f4xx_hal_cortex.o
LOAD ./Drivers/STM32F4xx_HAL_Driver/Src/stm32f4xx_hal_dma.o
LOAD ./Drivers/STM32F4xx_HAL_Driver/Src/stm32f4xx_hal_dma_ex.o
LOAD ./Drivers/STM32F4xx_HAL_Driver/Src/stm32f4xx_hal_exti.o
LOAD ./Drivers/STM32F4xx_HAL_Driver/Src/stm32f4xx_hal_flash.o
LOAD ./Drivers/STM32F4xx_HAL_Driver/Src/stm32f4xx_hal_flash_ex.o
LOAD ./Drivers/STM32F4xx_HAL_Driver/Src/stm32f4xx_hal_flash_ramfunc.o
LOAD ./Drivers/STM32F4xx_HAL_Driver/Src/stm32f4xx_hal_gpio.o
LOAD ./Drivers/STM32F4xx_HAL_Driver/Src/stm32f4xx_hal_i2c.o
LOAD ./Drivers/STM32F4xx_HAL_Driver/Src/stm32f4xx_hal_i2c_ex.o
LOAD ./Drivers/STM32F4xx_HAL_Driver/Src/stm32f4xx_hal_pwr.o
LOAD ./Drivers/STM32F4xx_HAL_Driver/Src/stm32f4xx_hal_pwr_ex.o
LOAD ./Drivers/STM32F4xx_HAL_Driver/Src/stm32f4xx_hal_rcc.o
LOAD ./Drivers/STM32F4xx_HAL_Driver/Src/stm32f4xx_hal_rcc_ex.o
LOAD ./Drivers/STM32F4xx_HAL_Driver/Src/stm32f4xx_hal_tim.o
LOAD ./Drivers/STM32F4xx_HAL_Driver/Src/stm32f4xx_hal_tim_ex.o
LOAD ./Drivers/STM32F4xx_HAL_Driver/Src/stm32f4xx_hal_uart.o
LOAD ./H_Drivers/Bluetooth/Bluetooth.o
LOAD ./H_Drivers/FCW_Application/FCW_App.o
LOAD ./H_Drivers/Led/Led.o
LOAD ./H_Drivers/Led/Led_Lcfg.o
LOAD ./H_Drivers/MOTOR_MDD10A/MOTOR_MDD10A.o
LOAD ./H_Drivers/MOTOR_MDD10A/MOTOR_MDD10A_Lcfg.o
LOAD ./H_Drivers/MPU6050/MPU.o
LOAD ./H_Drivers/MPU6050/MPU_Lcfg.o
LOAD ./H_Drivers/TF_Lidar/Lidar.o
LOAD ./INITs_Uitilities/Queue/queue.o
LOAD ./INITs_Uitilities/cJSON/cJSON.o
LOAD ./Middlewares/Third_Party/FreeRTOS/Source/CMSIS_RTOS_V2/cmsis_os2.o
LOAD ./Middlewares/Third_Party/FreeRTOS/Source/croutine.o
LOAD ./Middlewares/Third_Party/FreeRTOS/Source/event_groups.o
LOAD ./Middlewares/Third_Party/FreeRTOS/Source/list.o
LOAD ./Middlewares/Third_Party/FreeRTOS/Source/queue.o
LOAD ./Middlewares/Third_Party/FreeRTOS/Source/stream_buffer.o
LOAD ./Middlewares/Third_Party/FreeRTOS/Source/tasks.o
LOAD ./Middlewares/Third_Party/FreeRTOS/Source/timers.o
LOAD ./Middlewares/Third_Party/FreeRTOS/Source/portable/GCC/ARM_CM4F/port.o
LOAD ./Middlewares/Third_Party/FreeRTOS/Source/portable/MemMang/heap_4.o
LOAD ./Modules/Log_Module/log.o
START GROUP
LOAD C:/ST/STM32CubeIDE_1.13.2/STM32CubeIDE/plugins/com.st.stm32cube.ide.mcu.externaltools.gnu-tools-for-stm32.11.3.rel1.win32_1.1.100.202309141235/tools/bin/../lib/gcc/arm-none-eabi/11.3.1/../../../../arm-none-eabi/lib/thumb/v7e-m+fp/hard\libc_nano.a
LOAD C:/ST/STM32CubeIDE_1.13.2/STM32CubeIDE/plugins/com.st.stm32cube.ide.mcu.externaltools.gnu-tools-for-stm32.11.3.rel1.win32_1.1.100.202309141235/tools/bin/../lib/gcc/arm-none-eabi/11.3.1/../../../../arm-none-eabi/lib/thumb/v7e-m+fp/hard\libm.a
END GROUP
START GROUP
LOAD C:/ST/STM32CubeIDE_1.13.2/STM32CubeIDE/plugins/com.st.stm32cube.ide.mcu.externaltools.gnu-tools-for-stm32.11.3.rel1.win32_1.1.100.202309141235/tools/bin/../lib/gcc/arm-none-eabi/11.3.1/thumb/v7e-m+fp/hard\libgcc.a
LOAD C:/ST/STM32CubeIDE_1.13.2/STM32CubeIDE/plugins/com.st.stm32cube.ide.mcu.externaltools.gnu-tools-for-stm32.11.3.rel1.win32_1.1.100.202309141235/tools/bin/../lib/gcc/arm-none-eabi/11.3.1/../../../../arm-none-eabi/lib/thumb/v7e-m+fp/hard\libc_nano.a
END GROUP
START GROUP
LOAD C:/ST/STM32CubeIDE_1.13.2/STM32CubeIDE/plugins/com.st.stm32cube.ide.mcu.externaltools.gnu-tools-for-stm32.11.3.rel1.win32_1.1.100.202309141235/tools/bin/../lib/gcc/arm-none-eabi/11.3.1/thumb/v7e-m+fp/hard\libgcc.a
LOAD C:/ST/STM32CubeIDE_1.13.2/STM32CubeIDE/plugins/com.st.stm32cube.ide.mcu.externaltools.gnu-tools-for-stm32.11.3.rel1.win32_1.1.100.202309141235/tools/bin/../lib/gcc/arm-none-eabi/11.3.1/../../../../arm-none-eabi/lib/thumb/v7e-m+fp/hard\libc_nano.a
LOAD C:/ST/STM32CubeIDE_1.13.2/STM32CubeIDE/plugins/com.st.stm32cube.ide.mcu.externaltools.gnu-tools-for-stm32.11.3.rel1.win32_1.1.100.202309141235/tools/bin/../lib/gcc/arm-none-eabi/11.3.1/../../../../arm-none-eabi/lib/thumb/v7e-m+fp/hard\libnosys.a
END GROUP
START GROUP
LOAD C:/ST/STM32CubeIDE_1.13.2/STM32CubeIDE/plugins/com.st.stm32cube.ide.mcu.externaltools.gnu-tools-for-stm32.11.3.rel1.win32_1.1.100.202309141235/tools/bin/../lib/gcc/arm-none-eabi/11.3.1/thumb/v7e-m+fp/hard\libgcc.a
LOAD C:/ST/STM32CubeIDE_1.13.2/STM32CubeIDE/plugins/com.st.stm32cube.ide.mcu.externaltools.gnu-tools-for-stm32.11.3.rel1.win32_1.1.100.202309141235/tools/bin/../lib/gcc/arm-none-eabi/11.3.1/../../../../arm-none-eabi/lib/thumb/v7e-m+fp/hard\libc_nano.a
LOAD C:/ST/STM32CubeIDE_1.13.2/STM32CubeIDE/plugins/com.st.stm32cube.ide.mcu.externaltools.gnu-tools-for-stm32.11.3.rel1.win32_1.1.100.202309141235/tools/bin/../lib/gcc/arm-none-eabi/11.3.1/../../../../arm-none-eabi/lib/thumb/v7e-m+fp/hard\libnosys.a
END GROUP
LOAD C:/ST/STM32CubeIDE_1.13.2/STM32CubeIDE/plugins/com.st.stm32cube.ide.mcu.externaltools.gnu-tools-for-stm32.11.3.rel1.win32_1.1.100.202309141235/tools/bin/../lib/gcc/arm-none-eabi/11.3.1/thumb/v7e-m+fp/hard/crtend.o
LOAD C:/ST/STM32CubeIDE_1.13.2/STM32CubeIDE/plugins/com.st.stm32cube.ide.mcu.externaltools.gnu-tools-for-stm32.11.3.rel1.win32_1.1.100.202309141235/tools/bin/../lib/gcc/arm-none-eabi/11.3.1/thumb/v7e-m+fp/hard/crtn.o
                0x0000000020010000                _estack = (ORIGIN (RAM) + LENGTH (RAM))
                0x0000000000000200                _Min_Heap_Size = 0x200
                0x0000000000000400                _Min_Stack_Size = 0x400

.isr_vector     0x0000000008000000      0x194
                0x0000000008000000                . = ALIGN (0x4)
 *(.isr_vector)
 .isr_vector    0x0000000008000000      0x194 ./Core/Startup/startup_stm32f401rctx.o
                0x0000000008000000                g_pfnVectors
                0x0000000008000194                . = ALIGN (0x4)

.text           0x00000000080001a0    0x10abc
                0x00000000080001a0                . = ALIGN (0x4)
 *(.text)
 .text          0x00000000080001a0       0x40 C:/ST/STM32CubeIDE_1.13.2/STM32CubeIDE/plugins/com.st.stm32cube.ide.mcu.externaltools.gnu-tools-for-stm32.11.3.rel1.win32_1.1.100.202309141235/tools/bin/../lib/gcc/arm-none-eabi/11.3.1/thumb/v7e-m+fp/hard/crtbegin.o
 .text          0x00000000080001e0       0xa0 C:/ST/STM32CubeIDE_1.13.2/STM32CubeIDE/plugins/com.st.stm32cube.ide.mcu.externaltools.gnu-tools-for-stm32.11.3.rel1.win32_1.1.100.202309141235/tools/bin/../lib/gcc/arm-none-eabi/11.3.1/../../../../arm-none-eabi/lib/thumb/v7e-m+fp/hard\libc_nano.a(libc_a-memchr.o)
                0x00000000080001e0                memchr
 .text          0x0000000008000280       0x10 C:/ST/STM32CubeIDE_1.13.2/STM32CubeIDE/plugins/com.st.stm32cube.ide.mcu.externaltools.gnu-tools-for-stm32.11.3.rel1.win32_1.1.100.202309141235/tools/bin/../lib/gcc/arm-none-eabi/11.3.1/../../../../arm-none-eabi/lib/thumb/v7e-m+fp/hard\libc_nano.a(libc_a-strlen.o)
                0x0000000008000280                strlen
 .text          0x0000000008000290      0x378 C:/ST/STM32CubeIDE_1.13.2/STM32CubeIDE/plugins/com.st.stm32cube.ide.mcu.externaltools.gnu-tools-for-stm32.11.3.rel1.win32_1.1.100.202309141235/tools/bin/../lib/gcc/arm-none-eabi/11.3.1/thumb/v7e-m+fp/hard\libgcc.a(_arm_addsubdf3.o)
                0x0000000008000290                __aeabi_drsub
                0x0000000008000298                __aeabi_dsub
                0x0000000008000298                __subdf3
                0x000000000800029c                __aeabi_dadd
                0x000000000800029c                __adddf3
                0x0000000008000514                __floatunsidf
                0x0000000008000514                __aeabi_ui2d
                0x0000000008000534                __floatsidf
                0x0000000008000534                __aeabi_i2d
                0x0000000008000558                __aeabi_f2d
                0x0000000008000558                __extendsfdf2
                0x000000000800059c                __floatundidf
                0x000000000800059c                __aeabi_ul2d
                0x00000000080005ac                __floatdidf
                0x00000000080005ac                __aeabi_l2d
 .text          0x0000000008000608      0x424 C:/ST/STM32CubeIDE_1.13.2/STM32CubeIDE/plugins/com.st.stm32cube.ide.mcu.externaltools.gnu-tools-for-stm32.11.3.rel1.win32_1.1.100.202309141235/tools/bin/../lib/gcc/arm-none-eabi/11.3.1/thumb/v7e-m+fp/hard\libgcc.a(_arm_muldivdf3.o)
                0x0000000008000608                __aeabi_dmul
                0x0000000008000608                __muldf3
                0x000000000800085c                __divdf3
                0x000000000800085c                __aeabi_ddiv
 .text          0x0000000008000a2c      0x110 C:/ST/STM32CubeIDE_1.13.2/STM32CubeIDE/plugins/com.st.stm32cube.ide.mcu.externaltools.gnu-tools-for-stm32.11.3.rel1.win32_1.1.100.202309141235/tools/bin/../lib/gcc/arm-none-eabi/11.3.1/thumb/v7e-m+fp/hard\libgcc.a(_arm_cmpdf2.o)
                0x0000000008000a2c                __gtdf2
                0x0000000008000a2c                __gedf2
                0x0000000008000a34                __ltdf2
                0x0000000008000a34                __ledf2
                0x0000000008000a3c                __nedf2
                0x0000000008000a3c                __eqdf2
                0x0000000008000a3c                __cmpdf2
                0x0000000008000ab8                __aeabi_cdrcmple
                0x0000000008000ac8                __aeabi_cdcmpeq
                0x0000000008000ac8                __aeabi_cdcmple
                0x0000000008000ad8                __aeabi_dcmpeq
                0x0000000008000aec                __aeabi_dcmplt
                0x0000000008000b00                __aeabi_dcmple
                0x0000000008000b14                __aeabi_dcmpge
                0x0000000008000b28                __aeabi_dcmpgt
 .text          0x0000000008000b3c       0x2c C:/ST/STM32CubeIDE_1.13.2/STM32CubeIDE/plugins/com.st.stm32cube.ide.mcu.externaltools.gnu-tools-for-stm32.11.3.rel1.win32_1.1.100.202309141235/tools/bin/../lib/gcc/arm-none-eabi/11.3.1/thumb/v7e-m+fp/hard\libgcc.a(_arm_unorddf2.o)
                0x0000000008000b3c                __unorddf2
                0x0000000008000b3c                __aeabi_dcmpun
 .text          0x0000000008000b68       0x50 C:/ST/STM32CubeIDE_1.13.2/STM32CubeIDE/plugins/com.st.stm32cube.ide.mcu.externaltools.gnu-tools-for-stm32.11.3.rel1.win32_1.1.100.202309141235/tools/bin/../lib/gcc/arm-none-eabi/11.3.1/thumb/v7e-m+fp/hard\libgcc.a(_arm_fixdfsi.o)
                0x0000000008000b68                __aeabi_d2iz
                0x0000000008000b68                __fixdfsi
 .text          0x0000000008000bb8       0x40 C:/ST/STM32CubeIDE_1.13.2/STM32CubeIDE/plugins/com.st.stm32cube.ide.mcu.externaltools.gnu-tools-for-stm32.11.3.rel1.win32_1.1.100.202309141235/tools/bin/../lib/gcc/arm-none-eabi/11.3.1/thumb/v7e-m+fp/hard\libgcc.a(_arm_fixunsdfsi.o)
                0x0000000008000bb8                __aeabi_d2uiz
                0x0000000008000bb8                __fixunsdfsi
 .text          0x0000000008000bf8       0xa0 C:/ST/STM32CubeIDE_1.13.2/STM32CubeIDE/plugins/com.st.stm32cube.ide.mcu.externaltools.gnu-tools-for-stm32.11.3.rel1.win32_1.1.100.202309141235/tools/bin/../lib/gcc/arm-none-eabi/11.3.1/thumb/v7e-m+fp/hard\libgcc.a(_arm_truncdfsf2.o)
                0x0000000008000bf8                __truncdfsf2
                0x0000000008000bf8                __aeabi_d2f
 .text          0x0000000008000c98       0x30 C:/ST/STM32CubeIDE_1.13.2/STM32CubeIDE/plugins/com.st.stm32cube.ide.mcu.externaltools.gnu-tools-for-stm32.11.3.rel1.win32_1.1.100.202309141235/tools/bin/../lib/gcc/arm-none-eabi/11.3.1/thumb/v7e-m+fp/hard\libgcc.a(_aeabi_uldivmod.o)
                0x0000000008000c98                __aeabi_uldivmod
 .text          0x0000000008000cc8       0x30 C:/ST/STM32CubeIDE_1.13.2/STM32CubeIDE/plugins/com.st.stm32cube.ide.mcu.externaltools.gnu-tools-for-stm32.11.3.rel1.win32_1.1.100.202309141235/tools/bin/../lib/gcc/arm-none-eabi/11.3.1/thumb/v7e-m+fp/hard\libgcc.a(_fixdfdi.o)
                0x0000000008000cc8                __fixdfdi
                0x0000000008000cc8                __aeabi_d2lz
 .text          0x0000000008000cf8       0x3c C:/ST/STM32CubeIDE_1.13.2/STM32CubeIDE/plugins/com.st.stm32cube.ide.mcu.externaltools.gnu-tools-for-stm32.11.3.rel1.win32_1.1.100.202309141235/tools/bin/../lib/gcc/arm-none-eabi/11.3.1/thumb/v7e-m+fp/hard\libgcc.a(_fixunsdfdi.o)
                0x0000000008000cf8                __fixunsdfdi
                0x0000000008000cf8                __aeabi_d2ulz
 .text          0x0000000008000d34      0x2c8 C:/ST/STM32CubeIDE_1.13.2/STM32CubeIDE/plugins/com.st.stm32cube.ide.mcu.externaltools.gnu-tools-for-stm32.11.3.rel1.win32_1.1.100.202309141235/tools/bin/../lib/gcc/arm-none-eabi/11.3.1/thumb/v7e-m+fp/hard\libgcc.a(_udivmoddi4.o)
                0x0000000008000d34                __udivmoddi4
 .text          0x0000000008000ffc        0x4 C:/ST/STM32CubeIDE_1.13.2/STM32CubeIDE/plugins/com.st.stm32cube.ide.mcu.externaltools.gnu-tools-for-stm32.11.3.rel1.win32_1.1.100.202309141235/tools/bin/../lib/gcc/arm-none-eabi/11.3.1/thumb/v7e-m+fp/hard\libgcc.a(_dvmd_tls.o)
                0x0000000008000ffc                __aeabi_idiv0
                0x0000000008000ffc                __aeabi_ldiv0
 *(.text*)
 .text.Lidar_Init_Task
                0x0000000008001000       0x3c ./Application/Lidar_Task/Lidar_Task.o
                0x0000000008001000                Lidar_Init_Task
 .text.Lidar_Task
                0x000000000800103c       0xb8 ./Application/Lidar_Task/Lidar_Task.o
                0x000000000800103c                Lidar_Task
 .text.sendFCW  0x00000000080010f4       0x88 ./Application/Lidar_Task/Lidar_Task.o
                0x00000000080010f4                sendFCW
 .text.Lidar_RxFrameCallBack
                0x000000000800117c       0x18 ./Application/Lidar_Task/Lidar_Task.o
                0x000000000800117c                Lidar_RxFrameCallBack
 .text.MOV_Init_Task
                0x0000000008001194       0x3c ./Application/MOV_Task/MOv.o
                0x0000000008001194                MOV_Init_Task
 .text.MOV_Task
                0x00000000080011d0       0x5c ./Application/MOV_Task/MOv.o
                0x00000000080011d0                MOV_Task
 .text.BLUTH_voidRxFrameCallback
                0x000000000800122c       0x18 ./Application/MOV_Task/MOv.o
                0x000000000800122c                BLUTH_voidRxFrameCallback
 .text.ControlMotion
                0x0000000008001244       0xca ./Application/MOV_Task/MOv.o
                0x0000000008001244                ControlMotion
 *fill*         0x000000000800130e        0x2 
 .text.MPU_Init_Task
                0x0000000008001310       0x40 ./Application/MPU_Task/MPU_Mod.o
                0x0000000008001310                MPU_Init_Task
 .text.MPU_Task
                0x0000000008001350       0xb4 ./Application/MPU_Task/MPU_Mod.o
                0x0000000008001350                MPU_Task
 .text.MPU_RxFrameCallback
                0x0000000008001404       0x18 ./Application/MPU_Task/MPU_Mod.o
                0x0000000008001404                MPU_RxFrameCallback
 .text.dataBuffering
                0x000000000800141c       0xa0 ./Application/MPU_Task/MPU_Mod.o
                0x000000000800141c                dataBuffering
 .text.Ras_TX_task_init
                0x00000000080014bc       0x3c ./Application/Raspberry_TX_Task/Ras_TX_Task.o
                0x00000000080014bc                Ras_TX_task_init
 .text.Ras_TX_Task
                0x00000000080014f8       0x5c ./Application/Raspberry_TX_Task/Ras_TX_Task.o
                0x00000000080014f8                Ras_TX_Task
 .text.Ras_UART_Callback
                0x0000000008001554       0x18 ./Application/Raspberry_TX_Task/Ras_TX_Task.o
                0x0000000008001554                Ras_UART_Callback
 .text.calculate_checksum
                0x000000000800156c       0x40 ./Application/Raspberry_TX_Task/Ras_TX_Task.o
                0x000000000800156c                calculate_checksum
 .text.Ras_TX_add_to_q
                0x00000000080015ac       0xc8 ./Application/Raspberry_TX_Task/Ras_TX_Task.o
                0x00000000080015ac                Ras_TX_add_to_q
 .text.configureTimerForRunTimeStats
                0x0000000008001674        0xe ./Core/Src/freertos.o
                0x0000000008001674                configureTimerForRunTimeStats
 .text.getRunTimeCounterValue
                0x0000000008001682       0x10 ./Core/Src/freertos.o
                0x0000000008001682                getRunTimeCounterValue
 *fill*         0x0000000008001692        0x2 
 .text.main     0x0000000008001694      0x1ac ./Core/Src/main.o
                0x0000000008001694                main
 .text.SystemClock_Config
                0x0000000008001840       0xd4 ./Core/Src/main.o
                0x0000000008001840                SystemClock_Config
 .text.MX_I2C1_Init
                0x0000000008001914       0x5c ./Core/Src/main.o
 .text.MX_TIM3_Init
                0x0000000008001970      0x108 ./Core/Src/main.o
 .text.MX_USART1_UART_Init
                0x0000000008001a78       0x54 ./Core/Src/main.o
 .text.MX_USART2_UART_Init
                0x0000000008001acc       0x54 ./Core/Src/main.o
 .text.MX_USART6_UART_Init
                0x0000000008001b20       0x54 ./Core/Src/main.o
 .text.MX_DMA_Init
                0x0000000008001b74       0x9c ./Core/Src/main.o
 .text.MX_GPIO_Init
                0x0000000008001c10       0xd0 ./Core/Src/main.o
 .text.HAL_UART_TxCpltCallback
                0x0000000008001ce0       0x24 ./Core/Src/main.o
                0x0000000008001ce0                HAL_UART_TxCpltCallback
 .text.HAL_UART_RxCpltCallback
                0x0000000008001d04       0x4c ./Core/Src/main.o
                0x0000000008001d04                HAL_UART_RxCpltCallback
 .text.HAL_I2C_MemRxCpltCallback
                0x0000000008001d50       0x38 ./Core/Src/main.o
                0x0000000008001d50                HAL_I2C_MemRxCpltCallback
 .text.Objects_init
                0x0000000008001d88       0x1c ./Core/Src/main.o
                0x0000000008001d88                Objects_init
 .text.StartDefaultTask
                0x0000000008001da4       0x10 ./Core/Src/main.o
                0x0000000008001da4                StartDefaultTask
 .text.HAL_TIM_PeriodElapsedCallback
                0x0000000008001db4       0x1e ./Core/Src/main.o
                0x0000000008001db4                HAL_TIM_PeriodElapsedCallback
 .text.Error_Handler
                0x0000000008001dd2        0xa ./Core/Src/main.o
                0x0000000008001dd2                Error_Handler
 .text.HAL_MspInit
                0x0000000008001ddc       0x58 ./Core/Src/stm32f4xx_hal_msp.o
                0x0000000008001ddc                HAL_MspInit
 .text.HAL_I2C_MspInit
                0x0000000008001e34      0x124 ./Core/Src/stm32f4xx_hal_msp.o
                0x0000000008001e34                HAL_I2C_MspInit
 .text.HAL_TIM_Base_MspInit
                0x0000000008001f58       0x58 ./Core/Src/stm32f4xx_hal_msp.o
                0x0000000008001f58                HAL_TIM_Base_MspInit
 .text.HAL_TIM_MspPostInit
                0x0000000008001fb0       0xb4 ./Core/Src/stm32f4xx_hal_msp.o
                0x0000000008001fb0                HAL_TIM_MspPostInit
 .text.HAL_UART_MspInit
                0x0000000008002064      0x374 ./Core/Src/stm32f4xx_hal_msp.o
                0x0000000008002064                HAL_UART_MspInit
 .text.HAL_InitTick
                0x00000000080023d8       0xf8 ./Core/Src/stm32f4xx_hal_timebase_tim.o
                0x00000000080023d8                HAL_InitTick
 .text.NMI_Handler
                0x00000000080024d0        0x6 ./Core/Src/stm32f4xx_it.o
                0x00000000080024d0                NMI_Handler
 .text.HardFault_Handler
                0x00000000080024d6        0x6 ./Core/Src/stm32f4xx_it.o
                0x00000000080024d6                HardFault_Handler
 .text.MemManage_Handler
                0x00000000080024dc        0x6 ./Core/Src/stm32f4xx_it.o
                0x00000000080024dc                MemManage_Handler
 .text.BusFault_Handler
                0x00000000080024e2        0x6 ./Core/Src/stm32f4xx_it.o
                0x00000000080024e2                BusFault_Handler
 .text.UsageFault_Handler
                0x00000000080024e8        0x6 ./Core/Src/stm32f4xx_it.o
                0x00000000080024e8                UsageFault_Handler
 .text.DebugMon_Handler
                0x00000000080024ee        0xe ./Core/Src/stm32f4xx_it.o
                0x00000000080024ee                DebugMon_Handler
 .text.DMA1_Stream5_IRQHandler
                0x00000000080024fc       0x14 ./Core/Src/stm32f4xx_it.o
                0x00000000080024fc                DMA1_Stream5_IRQHandler
 .text.DMA1_Stream6_IRQHandler
                0x0000000008002510       0x14 ./Core/Src/stm32f4xx_it.o
                0x0000000008002510                DMA1_Stream6_IRQHandler
 .text.TIM2_IRQHandler
                0x0000000008002524       0x14 ./Core/Src/stm32f4xx_it.o
                0x0000000008002524                TIM2_IRQHandler
 .text.TIM3_IRQHandler
                0x0000000008002538       0x14 ./Core/Src/stm32f4xx_it.o
                0x0000000008002538                TIM3_IRQHandler
 .text.USART1_IRQHandler
                0x000000000800254c       0x14 ./Core/Src/stm32f4xx_it.o
                0x000000000800254c                USART1_IRQHandler
 .text.USART2_IRQHandler
                0x0000000008002560       0x14 ./Core/Src/stm32f4xx_it.o
                0x0000000008002560                USART2_IRQHandler
 .text.DMA2_Stream1_IRQHandler
                0x0000000008002574       0x14 ./Core/Src/stm32f4xx_it.o
                0x0000000008002574                DMA2_Stream1_IRQHandler
 .text.DMA2_Stream5_IRQHandler
                0x0000000008002588       0x14 ./Core/Src/stm32f4xx_it.o
                0x0000000008002588                DMA2_Stream5_IRQHandler
 .text.DMA2_Stream6_IRQHandler
                0x000000000800259c       0x14 ./Core/Src/stm32f4xx_it.o
                0x000000000800259c                DMA2_Stream6_IRQHandler
 .text.USART6_IRQHandler
                0x00000000080025b0       0x14 ./Core/Src/stm32f4xx_it.o
                0x00000000080025b0                USART6_IRQHandler
 .text._getpid  0x00000000080025c4       0x10 ./Core/Src/syscalls.o
                0x00000000080025c4                _getpid
 .text._kill    0x00000000080025d4       0x20 ./Core/Src/syscalls.o
                0x00000000080025d4                _kill
 .text._exit    0x00000000080025f4       0x14 ./Core/Src/syscalls.o
                0x00000000080025f4                _exit
 .text._read    0x0000000008002608       0x3a ./Core/Src/syscalls.o
                0x0000000008002608                _read
 .text._write   0x0000000008002642       0x38 ./Core/Src/syscalls.o
                0x0000000008002642                _write
 .text._close   0x000000000800267a       0x18 ./Core/Src/syscalls.o
                0x000000000800267a                _close
 .text._fstat   0x0000000008002692       0x20 ./Core/Src/syscalls.o
                0x0000000008002692                _fstat
 .text._isatty  0x00000000080026b2       0x16 ./Core/Src/syscalls.o
                0x00000000080026b2                _isatty
 .text._lseek   0x00000000080026c8       0x1a ./Core/Src/syscalls.o
                0x00000000080026c8                _lseek
 *fill*         0x00000000080026e2        0x2 
 .text._sbrk    0x00000000080026e4       0x6c ./Core/Src/sysmem.o
                0x00000000080026e4                _sbrk
 .text.SystemInit
                0x0000000008002750       0x24 ./Core/Src/system_stm32f4xx.o
                0x0000000008002750                SystemInit
 .text.Reset_Handler
                0x0000000008002774       0x50 ./Core/Startup/startup_stm32f401rctx.o
                0x0000000008002774                Reset_Handler
 .text.Default_Handler
                0x00000000080027c4        0x2 ./Core/Startup/startup_stm32f401rctx.o
                0x00000000080027c4                RTC_Alarm_IRQHandler
                0x00000000080027c4                EXTI2_IRQHandler
                0x00000000080027c4                SPI4_IRQHandler
                0x00000000080027c4                TIM1_CC_IRQHandler
                0x00000000080027c4                PVD_IRQHandler
                0x00000000080027c4                SDIO_IRQHandler
                0x00000000080027c4                TAMP_STAMP_IRQHandler
                0x00000000080027c4                EXTI3_IRQHandler
                0x00000000080027c4                TIM1_UP_TIM10_IRQHandler
                0x00000000080027c4                I2C3_ER_IRQHandler
                0x00000000080027c4                EXTI0_IRQHandler
                0x00000000080027c4                I2C2_EV_IRQHandler
                0x00000000080027c4                DMA1_Stream2_IRQHandler
                0x00000000080027c4                FPU_IRQHandler
                0x00000000080027c4                DMA2_Stream2_IRQHandler
                0x00000000080027c4                SPI1_IRQHandler
                0x00000000080027c4                TIM1_BRK_TIM9_IRQHandler
                0x00000000080027c4                DMA2_Stream3_IRQHandler
                0x00000000080027c4                DMA2_Stream0_IRQHandler
                0x00000000080027c4                TIM4_IRQHandler
                0x00000000080027c4                I2C1_EV_IRQHandler
                0x00000000080027c4                DMA1_Stream1_IRQHandler
                0x00000000080027c4                RCC_IRQHandler
                0x00000000080027c4                Default_Handler
                0x00000000080027c4                EXTI15_10_IRQHandler
                0x00000000080027c4                ADC_IRQHandler
                0x00000000080027c4                DMA1_Stream7_IRQHandler
                0x00000000080027c4                TIM5_IRQHandler
                0x00000000080027c4                DMA2_Stream7_IRQHandler
                0x00000000080027c4                I2C3_EV_IRQHandler
                0x00000000080027c4                EXTI9_5_IRQHandler
                0x00000000080027c4                RTC_WKUP_IRQHandler
                0x00000000080027c4                SPI2_IRQHandler
                0x00000000080027c4                DMA1_Stream0_IRQHandler
                0x00000000080027c4                EXTI4_IRQHandler
                0x00000000080027c4                WWDG_IRQHandler
                0x00000000080027c4                OTG_FS_WKUP_IRQHandler
                0x00000000080027c4                TIM1_TRG_COM_TIM11_IRQHandler
                0x00000000080027c4                EXTI1_IRQHandler
                0x00000000080027c4                I2C2_ER_IRQHandler
                0x00000000080027c4                FLASH_IRQHandler
                0x00000000080027c4                DMA2_Stream4_IRQHandler
                0x00000000080027c4                OTG_FS_IRQHandler
                0x00000000080027c4                SPI3_IRQHandler
                0x00000000080027c4                DMA1_Stream4_IRQHandler
                0x00000000080027c4                I2C1_ER_IRQHandler
                0x00000000080027c4                DMA1_Stream3_IRQHandler
 *fill*         0x00000000080027c6        0x2 
 .text.HAL_Init
                0x00000000080027c8       0x44 ./Drivers/STM32F4xx_HAL_Driver/Src/stm32f4xx_hal.o
                0x00000000080027c8                HAL_Init
 .text.HAL_IncTick
                0x000000000800280c       0x28 ./Drivers/STM32F4xx_HAL_Driver/Src/stm32f4xx_hal.o
                0x000000000800280c                HAL_IncTick
 .text.HAL_GetTick
                0x0000000008002834       0x18 ./Drivers/STM32F4xx_HAL_Driver/Src/stm32f4xx_hal.o
                0x0000000008002834                HAL_GetTick
 .text.__NVIC_SetPriorityGrouping
                0x000000000800284c       0x48 ./Drivers/STM32F4xx_HAL_Driver/Src/stm32f4xx_hal_cortex.o
 .text.__NVIC_GetPriorityGrouping
                0x0000000008002894       0x1c ./Drivers/STM32F4xx_HAL_Driver/Src/stm32f4xx_hal_cortex.o
 .text.__NVIC_EnableIRQ
                0x00000000080028b0       0x3c ./Drivers/STM32F4xx_HAL_Driver/Src/stm32f4xx_hal_cortex.o
 .text.__NVIC_SetPriority
                0x00000000080028ec       0x54 ./Drivers/STM32F4xx_HAL_Driver/Src/stm32f4xx_hal_cortex.o
 .text.NVIC_EncodePriority
                0x0000000008002940       0x66 ./Drivers/STM32F4xx_HAL_Driver/Src/stm32f4xx_hal_cortex.o
 .text.HAL_NVIC_SetPriorityGrouping
                0x00000000080029a6       0x16 ./Drivers/STM32F4xx_HAL_Driver/Src/stm32f4xx_hal_cortex.o
                0x00000000080029a6                HAL_NVIC_SetPriorityGrouping
 .text.HAL_NVIC_SetPriority
                0x00000000080029bc       0x38 ./Drivers/STM32F4xx_HAL_Driver/Src/stm32f4xx_hal_cortex.o
                0x00000000080029bc                HAL_NVIC_SetPriority
 .text.HAL_NVIC_EnableIRQ
                0x00000000080029f4       0x1c ./Drivers/STM32F4xx_HAL_Driver/Src/stm32f4xx_hal_cortex.o
                0x00000000080029f4                HAL_NVIC_EnableIRQ
 .text.HAL_DMA_Init
                0x0000000008002a10      0x15c ./Drivers/STM32F4xx_HAL_Driver/Src/stm32f4xx_hal_dma.o
                0x0000000008002a10                HAL_DMA_Init
 .text.HAL_DMA_Start_IT
                0x0000000008002b6c       0xb0 ./Drivers/STM32F4xx_HAL_Driver/Src/stm32f4xx_hal_dma.o
                0x0000000008002b6c                HAL_DMA_Start_IT
 .text.HAL_DMA_Abort
                0x0000000008002c1c       0xe0 ./Drivers/STM32F4xx_HAL_Driver/Src/stm32f4xx_hal_dma.o
                0x0000000008002c1c                HAL_DMA_Abort
 .text.HAL_DMA_Abort_IT
                0x0000000008002cfc       0x44 ./Drivers/STM32F4xx_HAL_Driver/Src/stm32f4xx_hal_dma.o
                0x0000000008002cfc                HAL_DMA_Abort_IT
 .text.HAL_DMA_IRQHandler
                0x0000000008002d40      0x314 ./Drivers/STM32F4xx_HAL_Driver/Src/stm32f4xx_hal_dma.o
                0x0000000008002d40                HAL_DMA_IRQHandler
 .text.HAL_DMA_GetError
                0x0000000008003054       0x18 ./Drivers/STM32F4xx_HAL_Driver/Src/stm32f4xx_hal_dma.o
                0x0000000008003054                HAL_DMA_GetError
 .text.DMA_SetConfig
                0x000000000800306c       0x5c ./Drivers/STM32F4xx_HAL_Driver/Src/stm32f4xx_hal_dma.o
 .text.DMA_CalcBaseAndBitshift
                0x00000000080030c8       0x6c ./Drivers/STM32F4xx_HAL_Driver/Src/stm32f4xx_hal_dma.o
 .text.DMA_CheckFifoParam
                0x0000000008003134       0xf8 ./Drivers/STM32F4xx_HAL_Driver/Src/stm32f4xx_hal_dma.o
 .text.HAL_GPIO_Init
                0x000000000800322c      0x308 ./Drivers/STM32F4xx_HAL_Driver/Src/stm32f4xx_hal_gpio.o
                0x000000000800322c                HAL_GPIO_Init
 .text.HAL_GPIO_WritePin
                0x0000000008003534       0x32 ./Drivers/STM32F4xx_HAL_Driver/Src/stm32f4xx_hal_gpio.o
                0x0000000008003534                HAL_GPIO_WritePin
 .text.HAL_GPIO_TogglePin
                0x0000000008003566       0x34 ./Drivers/STM32F4xx_HAL_Driver/Src/stm32f4xx_hal_gpio.o
                0x0000000008003566                HAL_GPIO_TogglePin
 *fill*         0x000000000800359a        0x2 
 .text.HAL_I2C_Init
                0x000000000800359c      0x288 ./Drivers/STM32F4xx_HAL_Driver/Src/stm32f4xx_hal_i2c.o
                0x000000000800359c                HAL_I2C_Init
 .text.HAL_I2C_Mem_Write
                0x0000000008003824      0x1f4 ./Drivers/STM32F4xx_HAL_Driver/Src/stm32f4xx_hal_i2c.o
                0x0000000008003824                HAL_I2C_Mem_Write
 .text.HAL_I2C_Mem_Read
                0x0000000008003a18      0x464 ./Drivers/STM32F4xx_HAL_Driver/Src/stm32f4xx_hal_i2c.o
                0x0000000008003a18                HAL_I2C_Mem_Read
 .text.HAL_I2C_Mem_Read_DMA
                0x0000000008003e7c      0x320 ./Drivers/STM32F4xx_HAL_Driver/Src/stm32f4xx_hal_i2c.o
                0x0000000008003e7c                HAL_I2C_Mem_Read_DMA
 .text.HAL_I2C_MasterRxCpltCallback
                0x000000000800419c       0x14 ./Drivers/STM32F4xx_HAL_Driver/Src/stm32f4xx_hal_i2c.o
                0x000000000800419c                HAL_I2C_MasterRxCpltCallback
 .text.HAL_I2C_SlaveTxCpltCallback
                0x00000000080041b0       0x14 ./Drivers/STM32F4xx_HAL_Driver/Src/stm32f4xx_hal_i2c.o
                0x00000000080041b0                HAL_I2C_SlaveTxCpltCallback
 .text.HAL_I2C_SlaveRxCpltCallback
                0x00000000080041c4       0x14 ./Drivers/STM32F4xx_HAL_Driver/Src/stm32f4xx_hal_i2c.o
                0x00000000080041c4                HAL_I2C_SlaveRxCpltCallback
 .text.HAL_I2C_ErrorCallback
                0x00000000080041d8       0x14 ./Drivers/STM32F4xx_HAL_Driver/Src/stm32f4xx_hal_i2c.o
                0x00000000080041d8                HAL_I2C_ErrorCallback
 .text.I2C_RequestMemoryWrite
                0x00000000080041ec      0x12c ./Drivers/STM32F4xx_HAL_Driver/Src/stm32f4xx_hal_i2c.o
 .text.I2C_RequestMemoryRead
                0x0000000008004318      0x1d0 ./Drivers/STM32F4xx_HAL_Driver/Src/stm32f4xx_hal_i2c.o
 .text.I2C_DMAXferCplt
                0x00000000080044e8      0x1be ./Drivers/STM32F4xx_HAL_Driver/Src/stm32f4xx_hal_i2c.o
 .text.I2C_DMAError
                0x00000000080046a6       0x7a ./Drivers/STM32F4xx_HAL_Driver/Src/stm32f4xx_hal_i2c.o
 .text.I2C_WaitOnFlagUntilTimeout
                0x0000000008004720       0xf4 ./Drivers/STM32F4xx_HAL_Driver/Src/stm32f4xx_hal_i2c.o
 .text.I2C_WaitOnMasterAddressFlagUntilTimeout
                0x0000000008004814      0x140 ./Drivers/STM32F4xx_HAL_Driver/Src/stm32f4xx_hal_i2c.o
 .text.I2C_WaitOnTXEFlagUntilTimeout
                0x0000000008004954       0x90 ./Drivers/STM32F4xx_HAL_Driver/Src/stm32f4xx_hal_i2c.o
 .text.I2C_WaitOnBTFFlagUntilTimeout
                0x00000000080049e4       0x90 ./Drivers/STM32F4xx_HAL_Driver/Src/stm32f4xx_hal_i2c.o
 .text.I2C_WaitOnRXNEFlagUntilTimeout
                0x0000000008004a74       0xba ./Drivers/STM32F4xx_HAL_Driver/Src/stm32f4xx_hal_i2c.o
 .text.I2C_IsAcknowledgeFailed
                0x0000000008004b2e       0x5e ./Drivers/STM32F4xx_HAL_Driver/Src/stm32f4xx_hal_i2c.o
 .text.HAL_RCC_OscConfig
                0x0000000008004b8c      0x4f0 ./Drivers/STM32F4xx_HAL_Driver/Src/stm32f4xx_hal_rcc.o
                0x0000000008004b8c                HAL_RCC_OscConfig
 .text.HAL_RCC_ClockConfig
                0x000000000800507c      0x1cc ./Drivers/STM32F4xx_HAL_Driver/Src/stm32f4xx_hal_rcc.o
                0x000000000800507c                HAL_RCC_ClockConfig
 .text.HAL_RCC_GetSysClockFreq
                0x0000000008005248      0x18c ./Drivers/STM32F4xx_HAL_Driver/Src/stm32f4xx_hal_rcc.o
                0x0000000008005248                HAL_RCC_GetSysClockFreq
 .text.HAL_RCC_GetHCLKFreq
                0x00000000080053d4       0x18 ./Drivers/STM32F4xx_HAL_Driver/Src/stm32f4xx_hal_rcc.o
                0x00000000080053d4                HAL_RCC_GetHCLKFreq
 .text.HAL_RCC_GetPCLK1Freq
                0x00000000080053ec       0x28 ./Drivers/STM32F4xx_HAL_Driver/Src/stm32f4xx_hal_rcc.o
                0x00000000080053ec                HAL_RCC_GetPCLK1Freq
 .text.HAL_RCC_GetPCLK2Freq
                0x0000000008005414       0x28 ./Drivers/STM32F4xx_HAL_Driver/Src/stm32f4xx_hal_rcc.o
                0x0000000008005414                HAL_RCC_GetPCLK2Freq
 .text.HAL_RCC_GetClockConfig
                0x000000000800543c       0x64 ./Drivers/STM32F4xx_HAL_Driver/Src/stm32f4xx_hal_rcc.o
                0x000000000800543c                HAL_RCC_GetClockConfig
 .text.HAL_TIM_Base_Init
                0x00000000080054a0       0x9e ./Drivers/STM32F4xx_HAL_Driver/Src/stm32f4xx_hal_tim.o
                0x00000000080054a0                HAL_TIM_Base_Init
 *fill*         0x000000000800553e        0x2 
 .text.HAL_TIM_Base_Start_IT
                0x0000000008005540       0xc4 ./Drivers/STM32F4xx_HAL_Driver/Src/stm32f4xx_hal_tim.o
                0x0000000008005540                HAL_TIM_Base_Start_IT
 .text.HAL_TIM_PWM_Init
                0x0000000008005604       0x9e ./Drivers/STM32F4xx_HAL_Driver/Src/stm32f4xx_hal_tim.o
                0x0000000008005604                HAL_TIM_PWM_Init
 .text.HAL_TIM_PWM_MspInit
                0x00000000080056a2       0x14 ./Drivers/STM32F4xx_HAL_Driver/Src/stm32f4xx_hal_tim.o
                0x00000000080056a2                HAL_TIM_PWM_MspInit
 *fill*         0x00000000080056b6        0x2 
 .text.HAL_TIM_PWM_Start
                0x00000000080056b8      0x160 ./Drivers/STM32F4xx_HAL_Driver/Src/stm32f4xx_hal_tim.o
                0x00000000080056b8                HAL_TIM_PWM_Start
 .text.HAL_TIM_IRQHandler
                0x0000000008005818      0x1e0 ./Drivers/STM32F4xx_HAL_Driver/Src/stm32f4xx_hal_tim.o
                0x0000000008005818                HAL_TIM_IRQHandler
 .text.HAL_TIM_PWM_ConfigChannel
                0x00000000080059f8      0x184 ./Drivers/STM32F4xx_HAL_Driver/Src/stm32f4xx_hal_tim.o
                0x00000000080059f8                HAL_TIM_PWM_ConfigChannel
 .text.HAL_TIM_ConfigClockSource
                0x0000000008005b7c      0x18e ./Drivers/STM32F4xx_HAL_Driver/Src/stm32f4xx_hal_tim.o
                0x0000000008005b7c                HAL_TIM_ConfigClockSource
 .text.HAL_TIM_OC_DelayElapsedCallback
                0x0000000008005d0a       0x14 ./Drivers/STM32F4xx_HAL_Driver/Src/stm32f4xx_hal_tim.o
                0x0000000008005d0a                HAL_TIM_OC_DelayElapsedCallback
 .text.HAL_TIM_IC_CaptureCallback
                0x0000000008005d1e       0x14 ./Drivers/STM32F4xx_HAL_Driver/Src/stm32f4xx_hal_tim.o
                0x0000000008005d1e                HAL_TIM_IC_CaptureCallback
 .text.HAL_TIM_PWM_PulseFinishedCallback
                0x0000000008005d32       0x14 ./Drivers/STM32F4xx_HAL_Driver/Src/stm32f4xx_hal_tim.o
                0x0000000008005d32                HAL_TIM_PWM_PulseFinishedCallback
 .text.HAL_TIM_TriggerCallback
                0x0000000008005d46       0x14 ./Drivers/STM32F4xx_HAL_Driver/Src/stm32f4xx_hal_tim.o
                0x0000000008005d46                HAL_TIM_TriggerCallback
 *fill*         0x0000000008005d5a        0x2 
 .text.TIM_Base_SetConfig
                0x0000000008005d5c      0x118 ./Drivers/STM32F4xx_HAL_Driver/Src/stm32f4xx_hal_tim.o
                0x0000000008005d5c                TIM_Base_SetConfig
 .text.TIM_OC1_SetConfig
                0x0000000008005e74       0xcc ./Drivers/STM32F4xx_HAL_Driver/Src/stm32f4xx_hal_tim.o
 .text.TIM_OC2_SetConfig
                0x0000000008005f40       0xd8 ./Drivers/STM32F4xx_HAL_Driver/Src/stm32f4xx_hal_tim.o
                0x0000000008005f40                TIM_OC2_SetConfig
 .text.TIM_OC3_SetConfig
                0x0000000008006018       0xd4 ./Drivers/STM32F4xx_HAL_Driver/Src/stm32f4xx_hal_tim.o
 .text.TIM_OC4_SetConfig
                0x00000000080060ec       0xa0 ./Drivers/STM32F4xx_HAL_Driver/Src/stm32f4xx_hal_tim.o
 .text.TIM_TI1_ConfigInputStage
                0x000000000800618c       0x5e ./Drivers/STM32F4xx_HAL_Driver/Src/stm32f4xx_hal_tim.o
 .text.TIM_TI2_ConfigInputStage
                0x00000000080061ea       0x60 ./Drivers/STM32F4xx_HAL_Driver/Src/stm32f4xx_hal_tim.o
 .text.TIM_ITRx_SetConfig
                0x000000000800624a       0x36 ./Drivers/STM32F4xx_HAL_Driver/Src/stm32f4xx_hal_tim.o
 .text.TIM_ETR_SetConfig
                0x0000000008006280       0x40 ./Drivers/STM32F4xx_HAL_Driver/Src/stm32f4xx_hal_tim.o
                0x0000000008006280                TIM_ETR_SetConfig
 .text.TIM_CCxChannelCmd
                0x00000000080062c0       0x4a ./Drivers/STM32F4xx_HAL_Driver/Src/stm32f4xx_hal_tim.o
                0x00000000080062c0                TIM_CCxChannelCmd
 *fill*         0x000000000800630a        0x2 
 .text.HAL_TIMEx_MasterConfigSynchronization
                0x000000000800630c       0xdc ./Drivers/STM32F4xx_HAL_Driver/Src/stm32f4xx_hal_tim_ex.o
                0x000000000800630c                HAL_TIMEx_MasterConfigSynchronization
 .text.HAL_TIMEx_CommutCallback
                0x00000000080063e8       0x14 ./Drivers/STM32F4xx_HAL_Driver/Src/stm32f4xx_hal_tim_ex.o
                0x00000000080063e8                HAL_TIMEx_CommutCallback
 .text.HAL_TIMEx_BreakCallback
                0x00000000080063fc       0x14 ./Drivers/STM32F4xx_HAL_Driver/Src/stm32f4xx_hal_tim_ex.o
                0x00000000080063fc                HAL_TIMEx_BreakCallback
 .text.HAL_UART_Init
                0x0000000008006410       0xa0 ./Drivers/STM32F4xx_HAL_Driver/Src/stm32f4xx_hal_uart.o
                0x0000000008006410                HAL_UART_Init
 .text.HAL_UART_Receive_IT
                0x00000000080064b0       0x4a ./Drivers/STM32F4xx_HAL_Driver/Src/stm32f4xx_hal_uart.o
                0x00000000080064b0                HAL_UART_Receive_IT
 *fill*         0x00000000080064fa        0x2 
 .text.HAL_UART_Transmit_DMA
                0x00000000080064fc       0xe0 ./Drivers/STM32F4xx_HAL_Driver/Src/stm32f4xx_hal_uart.o
                0x00000000080064fc                HAL_UART_Transmit_DMA
 .text.HAL_UART_Receive_DMA
                0x00000000080065dc       0x4a ./Drivers/STM32F4xx_HAL_Driver/Src/stm32f4xx_hal_uart.o
                0x00000000080065dc                HAL_UART_Receive_DMA
 *fill*         0x0000000008006626        0x2 
 .text.HAL_UART_IRQHandler
                0x0000000008006628      0x524 ./Drivers/STM32F4xx_HAL_Driver/Src/stm32f4xx_hal_uart.o
                0x0000000008006628                HAL_UART_IRQHandler
 .text.HAL_UART_TxHalfCpltCallback
                0x0000000008006b4c       0x14 ./Drivers/STM32F4xx_HAL_Driver/Src/stm32f4xx_hal_uart.o
                0x0000000008006b4c                HAL_UART_TxHalfCpltCallback
 .text.HAL_UART_RxHalfCpltCallback
                0x0000000008006b60       0x14 ./Drivers/STM32F4xx_HAL_Driver/Src/stm32f4xx_hal_uart.o
                0x0000000008006b60                HAL_UART_RxHalfCpltCallback
 .text.HAL_UART_ErrorCallback
                0x0000000008006b74       0x14 ./Drivers/STM32F4xx_HAL_Driver/Src/stm32f4xx_hal_uart.o
                0x0000000008006b74                HAL_UART_ErrorCallback
 .text.HAL_UARTEx_RxEventCallback
                0x0000000008006b88       0x18 ./Drivers/STM32F4xx_HAL_Driver/Src/stm32f4xx_hal_uart.o
                0x0000000008006b88                HAL_UARTEx_RxEventCallback
 .text.UART_DMATransmitCplt
                0x0000000008006ba0       0x9a ./Drivers/STM32F4xx_HAL_Driver/Src/stm32f4xx_hal_uart.o
 .text.UART_DMATxHalfCplt
                0x0000000008006c3a       0x1c ./Drivers/STM32F4xx_HAL_Driver/Src/stm32f4xx_hal_uart.o
 .text.UART_DMAReceiveCplt
                0x0000000008006c56      0x12c ./Drivers/STM32F4xx_HAL_Driver/Src/stm32f4xx_hal_uart.o
 .text.UART_DMARxHalfCplt
                0x0000000008006d82       0x3c ./Drivers/STM32F4xx_HAL_Driver/Src/stm32f4xx_hal_uart.o
 .text.UART_DMAError
                0x0000000008006dbe       0x94 ./Drivers/STM32F4xx_HAL_Driver/Src/stm32f4xx_hal_uart.o
 .text.UART_Start_Receive_IT
                0x0000000008006e52       0x74 ./Drivers/STM32F4xx_HAL_Driver/Src/stm32f4xx_hal_uart.o
                0x0000000008006e52                UART_Start_Receive_IT
 *fill*         0x0000000008006ec6        0x2 
 .text.UART_Start_Receive_DMA
                0x0000000008006ec8      0x134 ./Drivers/STM32F4xx_HAL_Driver/Src/stm32f4xx_hal_uart.o
                0x0000000008006ec8                UART_Start_Receive_DMA
 .text.UART_EndTxTransfer
                0x0000000008006ffc       0x50 ./Drivers/STM32F4xx_HAL_Driver/Src/stm32f4xx_hal_uart.o
 .text.UART_EndRxTransfer
                0x000000000800704c       0xc6 ./Drivers/STM32F4xx_HAL_Driver/Src/stm32f4xx_hal_uart.o
 .text.UART_DMAAbortOnError
                0x0000000008007112       0x28 ./Drivers/STM32F4xx_HAL_Driver/Src/stm32f4xx_hal_uart.o
 .text.UART_Transmit_IT
                0x000000000800713a       0xa0 ./Drivers/STM32F4xx_HAL_Driver/Src/stm32f4xx_hal_uart.o
 .text.UART_EndTransmit_IT
                0x00000000080071da       0x30 ./Drivers/STM32F4xx_HAL_Driver/Src/stm32f4xx_hal_uart.o
 .text.UART_Receive_IT
                0x000000000800720a      0x17c ./Drivers/STM32F4xx_HAL_Driver/Src/stm32f4xx_hal_uart.o
 *fill*         0x0000000008007386        0x2 
 .text.UART_SetConfig
                0x0000000008007388      0x4e8 ./Drivers/STM32F4xx_HAL_Driver/Src/stm32f4xx_hal_uart.o
 .text.BLUTH_enuReceiveData
                0x0000000008007870       0x32 ./H_Drivers/Bluetooth/Bluetooth.o
                0x0000000008007870                BLUTH_enuReceiveData
 .text.BLUTH_enuFrameBuffering
                0x00000000080078a2       0xba ./H_Drivers/Bluetooth/Bluetooth.o
                0x00000000080078a2                BLUTH_enuFrameBuffering
 .text.BLUTH_RxCpltProcess
                0x000000000800795c       0x64 ./H_Drivers/Bluetooth/Bluetooth.o
                0x000000000800795c                BLUTH_RxCpltProcess
 .text.FCW_u8TimeToCollision
                0x00000000080079c0      0x100 ./H_Drivers/FCW_Application/FCW_App.o
                0x00000000080079c0                FCW_u8TimeToCollision
 .text.FCW_enuIsWarning
                0x0000000008007ac0       0x9a ./H_Drivers/FCW_Application/FCW_App.o
                0x0000000008007ac0                FCW_enuIsWarning
 .text.MOTOR_voidInitMotor
                0x0000000008007b5a        0xc ./H_Drivers/MOTOR_MDD10A/MOTOR_MDD10A.o
                0x0000000008007b5a                MOTOR_voidInitMotor
 .text.MOTOR_voidMoveForward
                0x0000000008007b66       0x50 ./H_Drivers/MOTOR_MDD10A/MOTOR_MDD10A.o
                0x0000000008007b66                MOTOR_voidMoveForward
 .text.MOTOR_voidMoveBackward
                0x0000000008007bb6       0x50 ./H_Drivers/MOTOR_MDD10A/MOTOR_MDD10A.o
                0x0000000008007bb6                MOTOR_voidMoveBackward
 *fill*         0x0000000008007c06        0x2 
 .text.MOTOR_voidTurnLeft
                0x0000000008007c08       0x9c ./H_Drivers/MOTOR_MDD10A/MOTOR_MDD10A.o
                0x0000000008007c08                MOTOR_voidTurnLeft
 .text.MOTOR_voidTurnRight
                0x0000000008007ca4       0x9c ./H_Drivers/MOTOR_MDD10A/MOTOR_MDD10A.o
                0x0000000008007ca4                MOTOR_voidTurnRight
 .text.HAL_TIM_PMM_DutyCycle
                0x0000000008007d40       0xa0 ./H_Drivers/MOTOR_MDD10A/MOTOR_MDD10A.o
                0x0000000008007d40                HAL_TIM_PMM_DutyCycle
 .text.Select_CCRx
                0x0000000008007de0       0x8c ./H_Drivers/MOTOR_MDD10A/MOTOR_MDD10A.o
 .text.MOTOR_cfg_Init
                0x0000000008007e6c       0x60 ./H_Drivers/MOTOR_MDD10A/MOTOR_MDD10A_Lcfg.o
                0x0000000008007e6c                MOTOR_cfg_Init
 .text.MPU_enuInit
                0x0000000008007ecc       0xe2 ./H_Drivers/MPU6050/MPU.o
                0x0000000008007ecc                MPU_enuInit
 *fill*         0x0000000008007fae        0x2 
 .text.MPU_enuGetGyroAccelReadings_DMA
                0x0000000008007fb0       0x54 ./H_Drivers/MPU6050/MPU.o
                0x0000000008007fb0                MPU_enuGetGyroAccelReadings_DMA
 .text.MPU_enuGetAccelGyro
                0x0000000008008004       0x60 ./H_Drivers/MPU6050/MPU.o
 .text.MPU_RxCpltProcess
                0x0000000008008064       0x58 ./H_Drivers/MPU6050/MPU.o
                0x0000000008008064                MPU_RxCpltProcess
 .text.MPU_GetReadings
                0x00000000080080bc       0x22 ./H_Drivers/MPU6050/MPU.o
                0x00000000080080bc                MPU_GetReadings
 *fill*         0x00000000080080de        0x2 
 .text.Gyro_Calculations
                0x00000000080080e0      0x1f0 ./H_Drivers/MPU6050/MPU.o
 .text.Accel_Calculations
                0x00000000080082d0      0x1f0 ./H_Drivers/MPU6050/MPU.o
 .text.MPU_SetCfg
                0x00000000080084c0       0x48 ./H_Drivers/MPU6050/MPU_Lcfg.o
                0x00000000080084c0                MPU_SetCfg
 .text.Lidar_voidInit
                0x0000000008008508       0x1c ./H_Drivers/TF_Lidar/Lidar.o
                0x0000000008008508                Lidar_voidInit
 .text.Lidar_voidReceiveData
                0x0000000008008524       0x20 ./H_Drivers/TF_Lidar/Lidar.o
                0x0000000008008524                Lidar_voidReceiveData
 .text.Lidar_voidGetDistance
                0x0000000008008544       0x2c ./H_Drivers/TF_Lidar/Lidar.o
                0x0000000008008544                Lidar_voidGetDistance
 .text.__NVIC_SetPriority
                0x0000000008008570       0x54 ./Middlewares/Third_Party/FreeRTOS/Source/CMSIS_RTOS_V2/cmsis_os2.o
 .text.SysTick_Handler
                0x00000000080085c4       0x20 ./Middlewares/Third_Party/FreeRTOS/Source/CMSIS_RTOS_V2/cmsis_os2.o
                0x00000000080085c4                SysTick_Handler
 .text.SVC_Setup
                0x00000000080085e4       0x12 ./Middlewares/Third_Party/FreeRTOS/Source/CMSIS_RTOS_V2/cmsis_os2.o
 *fill*         0x00000000080085f6        0x2 
 .text.osKernelInitialize
                0x00000000080085f8       0x48 ./Middlewares/Third_Party/FreeRTOS/Source/CMSIS_RTOS_V2/cmsis_os2.o
                0x00000000080085f8                osKernelInitialize
 .text.osKernelStart
                0x0000000008008640       0x4c ./Middlewares/Third_Party/FreeRTOS/Source/CMSIS_RTOS_V2/cmsis_os2.o
                0x0000000008008640                osKernelStart
 .text.osKernelGetTickCount
                0x000000000800868c       0x2a ./Middlewares/Third_Party/FreeRTOS/Source/CMSIS_RTOS_V2/cmsis_os2.o
                0x000000000800868c                osKernelGetTickCount
 .text.osKernelGetTickFreq
                0x00000000080086b6       0x12 ./Middlewares/Third_Party/FreeRTOS/Source/CMSIS_RTOS_V2/cmsis_os2.o
                0x00000000080086b6                osKernelGetTickFreq
 .text.osThreadNew
                0x00000000080086c8      0x124 ./Middlewares/Third_Party/FreeRTOS/Source/CMSIS_RTOS_V2/cmsis_os2.o
                0x00000000080086c8                osThreadNew
 .text.osDelay  0x00000000080087ec       0x36 ./Middlewares/Third_Party/FreeRTOS/Source/CMSIS_RTOS_V2/cmsis_os2.o
                0x00000000080087ec                osDelay
 .text.osDelayUntil
                0x0000000008008822       0x5a ./Middlewares/Third_Party/FreeRTOS/Source/CMSIS_RTOS_V2/cmsis_os2.o
                0x0000000008008822                osDelayUntil
 .text.osSemaphoreNew
                0x000000000800887c      0x112 ./Middlewares/Third_Party/FreeRTOS/Source/CMSIS_RTOS_V2/cmsis_os2.o
                0x000000000800887c                osSemaphoreNew
 *fill*         0x000000000800898e        0x2 
 .text.osSemaphoreAcquire
                0x0000000008008990       0xa4 ./Middlewares/Third_Party/FreeRTOS/Source/CMSIS_RTOS_V2/cmsis_os2.o
                0x0000000008008990                osSemaphoreAcquire
 .text.osSemaphoreRelease
                0x0000000008008a34       0x88 ./Middlewares/Third_Party/FreeRTOS/Source/CMSIS_RTOS_V2/cmsis_os2.o
                0x0000000008008a34                osSemaphoreRelease
 .text.osMessageQueueNew
                0x0000000008008abc       0xe6 ./Middlewares/Third_Party/FreeRTOS/Source/CMSIS_RTOS_V2/cmsis_os2.o
                0x0000000008008abc                osMessageQueueNew
 *fill*         0x0000000008008ba2        0x2 
 .text.osMessageQueuePut
                0x0000000008008ba4       0xc0 ./Middlewares/Third_Party/FreeRTOS/Source/CMSIS_RTOS_V2/cmsis_os2.o
                0x0000000008008ba4                osMessageQueuePut
 .text.osMessageQueueGet
                0x0000000008008c64       0xbc ./Middlewares/Third_Party/FreeRTOS/Source/CMSIS_RTOS_V2/cmsis_os2.o
                0x0000000008008c64                osMessageQueueGet
 .text.vApplicationGetIdleTaskMemory
                0x0000000008008d20       0x34 ./Middlewares/Third_Party/FreeRTOS/Source/CMSIS_RTOS_V2/cmsis_os2.o
                0x0000000008008d20                vApplicationGetIdleTaskMemory
 .text.vApplicationGetTimerTaskMemory
                0x0000000008008d54       0x34 ./Middlewares/Third_Party/FreeRTOS/Source/CMSIS_RTOS_V2/cmsis_os2.o
                0x0000000008008d54                vApplicationGetTimerTaskMemory
 .text.vListInitialise
                0x0000000008008d88       0x40 ./Middlewares/Third_Party/FreeRTOS/Source/list.o
                0x0000000008008d88                vListInitialise
 .text.vListInitialiseItem
                0x0000000008008dc8       0x1a ./Middlewares/Third_Party/FreeRTOS/Source/list.o
                0x0000000008008dc8                vListInitialiseItem
 .text.vListInsertEnd
                0x0000000008008de2       0x48 ./Middlewares/Third_Party/FreeRTOS/Source/list.o
                0x0000000008008de2                vListInsertEnd
 .text.vListInsert
                0x0000000008008e2a       0x72 ./Middlewares/Third_Party/FreeRTOS/Source/list.o
                0x0000000008008e2a                vListInsert
 .text.uxListRemove
                0x0000000008008e9c       0x54 ./Middlewares/Third_Party/FreeRTOS/Source/list.o
                0x0000000008008e9c                uxListRemove
 .text.xQueueGenericReset
                0x0000000008008ef0       0xd0 ./Middlewares/Third_Party/FreeRTOS/Source/queue.o
                0x0000000008008ef0                xQueueGenericReset
 .text.xQueueGenericCreateStatic
                0x0000000008008fc0       0xf0 ./Middlewares/Third_Party/FreeRTOS/Source/queue.o
                0x0000000008008fc0                xQueueGenericCreateStatic
 .text.xQueueGenericCreate
                0x00000000080090b0       0x74 ./Middlewares/Third_Party/FreeRTOS/Source/queue.o
                0x00000000080090b0                xQueueGenericCreate
 .text.prvInitialiseNewQueue
                0x0000000008009124       0x46 ./Middlewares/Third_Party/FreeRTOS/Source/queue.o
 .text.xQueueCreateCountingSemaphoreStatic
                0x000000000800916a       0x6e ./Middlewares/Third_Party/FreeRTOS/Source/queue.o
                0x000000000800916a                xQueueCreateCountingSemaphoreStatic
 .text.xQueueCreateCountingSemaphore
                0x00000000080091d8       0x66 ./Middlewares/Third_Party/FreeRTOS/Source/queue.o
                0x00000000080091d8                xQueueCreateCountingSemaphore
 *fill*         0x000000000800923e        0x2 
 .text.xQueueGenericSend
                0x0000000008009240      0x1fc ./Middlewares/Third_Party/FreeRTOS/Source/queue.o
                0x0000000008009240                xQueueGenericSend
 .text.xQueueGenericSendFromISR
                0x000000000800943c      0x136 ./Middlewares/Third_Party/FreeRTOS/Source/queue.o
                0x000000000800943c                xQueueGenericSendFromISR
 .text.xQueueGiveFromISR
                0x0000000008009572      0x11a ./Middlewares/Third_Party/FreeRTOS/Source/queue.o
                0x0000000008009572                xQueueGiveFromISR
 .text.xQueueReceive
                0x000000000800968c      0x1c0 ./Middlewares/Third_Party/FreeRTOS/Source/queue.o
                0x000000000800968c                xQueueReceive
 .text.xQueueSemaphoreTake
                0x000000000800984c      0x218 ./Middlewares/Third_Party/FreeRTOS/Source/queue.o
                0x000000000800984c                xQueueSemaphoreTake
 .text.xQueueReceiveFromISR
                0x0000000008009a64      0x100 ./Middlewares/Third_Party/FreeRTOS/Source/queue.o
                0x0000000008009a64                xQueueReceiveFromISR
 .text.vQueueDelete
                0x0000000008009b64       0x46 ./Middlewares/Third_Party/FreeRTOS/Source/queue.o
                0x0000000008009b64                vQueueDelete
 .text.prvGetDisinheritPriorityAfterTimeout
                0x0000000008009baa       0x30 ./Middlewares/Third_Party/FreeRTOS/Source/queue.o
 .text.prvCopyDataToQueue
                0x0000000008009bda       0xd4 ./Middlewares/Third_Party/FreeRTOS/Source/queue.o
 .text.prvCopyDataFromQueue
                0x0000000008009cae       0x4c ./Middlewares/Third_Party/FreeRTOS/Source/queue.o
 .text.prvUnlockQueue
                0x0000000008009cfa       0xa4 ./Middlewares/Third_Party/FreeRTOS/Source/queue.o
 .text.prvIsQueueEmpty
                0x0000000008009d9e       0x2c ./Middlewares/Third_Party/FreeRTOS/Source/queue.o
 .text.prvIsQueueFull
                0x0000000008009dca       0x30 ./Middlewares/Third_Party/FreeRTOS/Source/queue.o
 *fill*         0x0000000008009dfa        0x2 
 .text.vQueueAddToRegistry
                0x0000000008009dfc       0x54 ./Middlewares/Third_Party/FreeRTOS/Source/queue.o
                0x0000000008009dfc                vQueueAddToRegistry
 .text.vQueueUnregisterQueue
                0x0000000008009e50       0x54 ./Middlewares/Third_Party/FreeRTOS/Source/queue.o
                0x0000000008009e50                vQueueUnregisterQueue
 .text.vQueueWaitForMessageRestricted
                0x0000000008009ea4       0x68 ./Middlewares/Third_Party/FreeRTOS/Source/queue.o
                0x0000000008009ea4                vQueueWaitForMessageRestricted
 .text.xTaskCreateStatic
                0x0000000008009f0c       0xba ./Middlewares/Third_Party/FreeRTOS/Source/tasks.o
                0x0000000008009f0c                xTaskCreateStatic
 .text.xTaskCreate
                0x0000000008009fc6       0x8a ./Middlewares/Third_Party/FreeRTOS/Source/tasks.o
                0x0000000008009fc6                xTaskCreate
 .text.prvInitialiseNewTask
                0x000000000800a050      0x154 ./Middlewares/Third_Party/FreeRTOS/Source/tasks.o
 .text.prvAddNewTaskToReadyList
                0x000000000800a1a4       0xe0 ./Middlewares/Third_Party/FreeRTOS/Source/tasks.o
 .text.vTaskDelayUntil
                0x000000000800a284       0xfc ./Middlewares/Third_Party/FreeRTOS/Source/tasks.o
                0x000000000800a284                vTaskDelayUntil
 .text.vTaskDelay
                0x000000000800a380       0x68 ./Middlewares/Third_Party/FreeRTOS/Source/tasks.o
                0x000000000800a380                vTaskDelay
 .text.vTaskStartScheduler
                0x000000000800a3e8       0xe4 ./Middlewares/Third_Party/FreeRTOS/Source/tasks.o
                0x000000000800a3e8                vTaskStartScheduler
 .text.vTaskSuspendAll
                0x000000000800a4cc       0x1c ./Middlewares/Third_Party/FreeRTOS/Source/tasks.o
                0x000000000800a4cc                vTaskSuspendAll
 .text.xTaskResumeAll
                0x000000000800a4e8      0x13c ./Middlewares/Third_Party/FreeRTOS/Source/tasks.o
                0x000000000800a4e8                xTaskResumeAll
 .text.xTaskGetTickCount
                0x000000000800a624       0x20 ./Middlewares/Third_Party/FreeRTOS/Source/tasks.o
                0x000000000800a624                xTaskGetTickCount
 .text.xTaskGetTickCountFromISR
                0x000000000800a644       0x24 ./Middlewares/Third_Party/FreeRTOS/Source/tasks.o
                0x000000000800a644                xTaskGetTickCountFromISR
 .text.xTaskIncrementTick
                0x000000000800a668      0x174 ./Middlewares/Third_Party/FreeRTOS/Source/tasks.o
                0x000000000800a668                xTaskIncrementTick
 .text.vTaskSwitchContext
                0x000000000800a7dc      0x100 ./Middlewares/Third_Party/FreeRTOS/Source/tasks.o
                0x000000000800a7dc                vTaskSwitchContext
 .text.vTaskPlaceOnEventList
                0x000000000800a8dc       0x48 ./Middlewares/Third_Party/FreeRTOS/Source/tasks.o
                0x000000000800a8dc                vTaskPlaceOnEventList
 .text.vTaskPlaceOnEventListRestricted
                0x000000000800a924       0x58 ./Middlewares/Third_Party/FreeRTOS/Source/tasks.o
                0x000000000800a924                vTaskPlaceOnEventListRestricted
 .text.xTaskRemoveFromEventList
                0x000000000800a97c       0xc8 ./Middlewares/Third_Party/FreeRTOS/Source/tasks.o
                0x000000000800a97c                xTaskRemoveFromEventList
 .text.vTaskInternalSetTimeOutState
                0x000000000800aa44       0x2c ./Middlewares/Third_Party/FreeRTOS/Source/tasks.o
                0x000000000800aa44                vTaskInternalSetTimeOutState
 .text.xTaskCheckForTimeOut
                0x000000000800aa70       0xc4 ./Middlewares/Third_Party/FreeRTOS/Source/tasks.o
                0x000000000800aa70                xTaskCheckForTimeOut
 .text.vTaskMissedYield
                0x000000000800ab34       0x18 ./Middlewares/Third_Party/FreeRTOS/Source/tasks.o
                0x000000000800ab34                vTaskMissedYield
 .text.prvIdleTask
                0x000000000800ab4c       0x30 ./Middlewares/Third_Party/FreeRTOS/Source/tasks.o
 .text.prvInitialiseTaskLists
                0x000000000800ab7c       0x80 ./Middlewares/Third_Party/FreeRTOS/Source/tasks.o
 .text.prvCheckTasksWaitingTermination
                0x000000000800abfc       0x5c ./Middlewares/Third_Party/FreeRTOS/Source/tasks.o
 .text.prvDeleteTCB
                0x000000000800ac58       0x68 ./Middlewares/Third_Party/FreeRTOS/Source/tasks.o
 .text.prvResetNextTaskUnblockTime
                0x000000000800acc0       0x40 ./Middlewares/Third_Party/FreeRTOS/Source/tasks.o
 .text.xTaskGetSchedulerState
                0x000000000800ad00       0x3c ./Middlewares/Third_Party/FreeRTOS/Source/tasks.o
                0x000000000800ad00                xTaskGetSchedulerState
 .text.xTaskPriorityInherit
                0x000000000800ad3c       0xd0 ./Middlewares/Third_Party/FreeRTOS/Source/tasks.o
                0x000000000800ad3c                xTaskPriorityInherit
 .text.xTaskPriorityDisinherit
                0x000000000800ae0c       0xdc ./Middlewares/Third_Party/FreeRTOS/Source/tasks.o
                0x000000000800ae0c                xTaskPriorityDisinherit
 .text.vTaskPriorityDisinheritAfterTimeout
                0x000000000800aee8      0x104 ./Middlewares/Third_Party/FreeRTOS/Source/tasks.o
                0x000000000800aee8                vTaskPriorityDisinheritAfterTimeout
 .text.pvTaskIncrementMutexHeldCount
                0x000000000800afec       0x28 ./Middlewares/Third_Party/FreeRTOS/Source/tasks.o
                0x000000000800afec                pvTaskIncrementMutexHeldCount
 .text.prvAddCurrentTaskToDelayedList
                0x000000000800b014       0xa8 ./Middlewares/Third_Party/FreeRTOS/Source/tasks.o
 .text.xTimerCreateTimerTask
                0x000000000800b0bc       0x90 ./Middlewares/Third_Party/FreeRTOS/Source/timers.o
                0x000000000800b0bc                xTimerCreateTimerTask
 .text.xTimerGenericCommand
                0x000000000800b14c       0x9c ./Middlewares/Third_Party/FreeRTOS/Source/timers.o
                0x000000000800b14c                xTimerGenericCommand
 .text.prvProcessExpiredTimer
                0x000000000800b1e8       0x98 ./Middlewares/Third_Party/FreeRTOS/Source/timers.o
 .text.prvTimerTask
                0x000000000800b280       0x24 ./Middlewares/Third_Party/FreeRTOS/Source/timers.o
 .text.prvProcessTimerOrBlockTask
                0x000000000800b2a4       0x9c ./Middlewares/Third_Party/FreeRTOS/Source/timers.o
 .text.prvGetNextExpireTime
                0x000000000800b340       0x48 ./Middlewares/Third_Party/FreeRTOS/Source/timers.o
 .text.prvSampleTimeNow
                0x000000000800b388       0x40 ./Middlewares/Third_Party/FreeRTOS/Source/timers.o
 .text.prvInsertTimerInActiveList
                0x000000000800b3c8       0x84 ./Middlewares/Third_Party/FreeRTOS/Source/timers.o
 .text.prvProcessReceivedCommands
                0x000000000800b44c      0x1c4 ./Middlewares/Third_Party/FreeRTOS/Source/timers.o
 .text.prvSwitchTimerLists
                0x000000000800b610       0xc8 ./Middlewares/Third_Party/FreeRTOS/Source/timers.o
 .text.prvCheckForValidListAndQueue
                0x000000000800b6d8       0x80 ./Middlewares/Third_Party/FreeRTOS/Source/timers.o
 .text.pxPortInitialiseStack
                0x000000000800b758       0x68 ./Middlewares/Third_Party/FreeRTOS/Source/portable/GCC/ARM_CM4F/port.o
                0x000000000800b758                pxPortInitialiseStack
 .text.prvTaskExitError
                0x000000000800b7c0       0x58 ./Middlewares/Third_Party/FreeRTOS/Source/portable/GCC/ARM_CM4F/port.o
 *fill*         0x000000000800b818        0x8 
 .text.SVC_Handler
                0x000000000800b820       0x28 ./Middlewares/Third_Party/FreeRTOS/Source/portable/GCC/ARM_CM4F/port.o
                0x000000000800b820                SVC_Handler
 .text.prvPortStartFirstTask
                0x000000000800b848       0x28 ./Middlewares/Third_Party/FreeRTOS/Source/portable/GCC/ARM_CM4F/port.o
 .text.xPortStartScheduler
                0x000000000800b870      0x144 ./Middlewares/Third_Party/FreeRTOS/Source/portable/GCC/ARM_CM4F/port.o
                0x000000000800b870                xPortStartScheduler
 .text.vPortEnterCritical
                0x000000000800b9b4       0x60 ./Middlewares/Third_Party/FreeRTOS/Source/portable/GCC/ARM_CM4F/port.o
                0x000000000800b9b4                vPortEnterCritical
 .text.vPortExitCritical
                0x000000000800ba14       0x54 ./Middlewares/Third_Party/FreeRTOS/Source/portable/GCC/ARM_CM4F/port.o
                0x000000000800ba14                vPortExitCritical
 *fill*         0x000000000800ba68        0x8 
 .text.PendSV_Handler
                0x000000000800ba70       0x68 ./Middlewares/Third_Party/FreeRTOS/Source/portable/GCC/ARM_CM4F/port.o
                0x000000000800ba70                PendSV_Handler
 .text.xPortSysTickHandler
                0x000000000800bad8       0x44 ./Middlewares/Third_Party/FreeRTOS/Source/portable/GCC/ARM_CM4F/port.o
                0x000000000800bad8                xPortSysTickHandler
 .text.vPortSetupTimerInterrupt
                0x000000000800bb1c       0x48 ./Middlewares/Third_Party/FreeRTOS/Source/portable/GCC/ARM_CM4F/port.o
                0x000000000800bb1c                vPortSetupTimerInterrupt
 .text.vPortEnableVFP
                0x000000000800bb64       0x14 ./Middlewares/Third_Party/FreeRTOS/Source/portable/GCC/ARM_CM4F/port.o
 .text.vPortValidateInterruptPriority
                0x000000000800bb78       0x80 ./Middlewares/Third_Party/FreeRTOS/Source/portable/GCC/ARM_CM4F/port.o
                0x000000000800bb78                vPortValidateInterruptPriority
 .text.pvPortMalloc
                0x000000000800bbf8      0x198 ./Middlewares/Third_Party/FreeRTOS/Source/portable/MemMang/heap_4.o
                0x000000000800bbf8                pvPortMalloc
 .text.vPortFree
                0x000000000800bd90       0xc4 ./Middlewares/Third_Party/FreeRTOS/Source/portable/MemMang/heap_4.o
                0x000000000800bd90                vPortFree
 .text.prvHeapInit
                0x000000000800be54       0xc4 ./Middlewares/Third_Party/FreeRTOS/Source/portable/MemMang/heap_4.o
 .text.prvInsertBlockIntoFreeList
                0x000000000800bf18       0xb4 ./Middlewares/Third_Party/FreeRTOS/Source/portable/MemMang/heap_4.o
 .text.logs_init
                0x000000000800bfcc       0x20 ./Modules/Log_Module/log.o
                0x000000000800bfcc                logs_init
 .text.logs     0x000000000800bfec       0x74 ./Modules/Log_Module/log.o
                0x000000000800bfec                logs
 .text.logs_debg
                0x000000000800c060       0x74 ./Modules/Log_Module/log.o
                0x000000000800c060                logs_debg
 .text.atoi     0x000000000800c0d4        0x8 C:/ST/STM32CubeIDE_1.13.2/STM32CubeIDE/plugins/com.st.stm32cube.ide.mcu.externaltools.gnu-tools-for-stm32.11.3.rel1.win32_1.1.100.202309141235/tools/bin/../lib/gcc/arm-none-eabi/11.3.1/../../../../arm-none-eabi/lib/thumb/v7e-m+fp/hard\libc_nano.a(libc_a-atoi.o)
                0x000000000800c0d4                atoi
 .text.malloc   0x000000000800c0dc       0x10 C:/ST/STM32CubeIDE_1.13.2/STM32CubeIDE/plugins/com.st.stm32cube.ide.mcu.externaltools.gnu-tools-for-stm32.11.3.rel1.win32_1.1.100.202309141235/tools/bin/../lib/gcc/arm-none-eabi/11.3.1/../../../../arm-none-eabi/lib/thumb/v7e-m+fp/hard\libc_nano.a(libc_a-malloc.o)
                0x000000000800c0dc                malloc
 .text.sbrk_aligned
                0x000000000800c0ec       0x40 C:/ST/STM32CubeIDE_1.13.2/STM32CubeIDE/plugins/com.st.stm32cube.ide.mcu.externaltools.gnu-tools-for-stm32.11.3.rel1.win32_1.1.100.202309141235/tools/bin/../lib/gcc/arm-none-eabi/11.3.1/../../../../arm-none-eabi/lib/thumb/v7e-m+fp/hard\libc_nano.a(libc_a-mallocr.o)
 .text._malloc_r
                0x000000000800c12c      0x100 C:/ST/STM32CubeIDE_1.13.2/STM32CubeIDE/plugins/com.st.stm32cube.ide.mcu.externaltools.gnu-tools-for-stm32.11.3.rel1.win32_1.1.100.202309141235/tools/bin/../lib/gcc/arm-none-eabi/11.3.1/../../../../arm-none-eabi/lib/thumb/v7e-m+fp/hard\libc_nano.a(libc_a-mallocr.o)
                0x000000000800c12c                _malloc_r
 .text.__malloc_lock
                0x000000000800c22c        0xc C:/ST/STM32CubeIDE_1.13.2/STM32CubeIDE/plugins/com.st.stm32cube.ide.mcu.externaltools.gnu-tools-for-stm32.11.3.rel1.win32_1.1.100.202309141235/tools/bin/../lib/gcc/arm-none-eabi/11.3.1/../../../../arm-none-eabi/lib/thumb/v7e-m+fp/hard\libc_nano.a(libc_a-mlock.o)
                0x000000000800c22c                __malloc_lock
 .text.__malloc_unlock
                0x000000000800c238        0xc C:/ST/STM32CubeIDE_1.13.2/STM32CubeIDE/plugins/com.st.stm32cube.ide.mcu.externaltools.gnu-tools-for-stm32.11.3.rel1.win32_1.1.100.202309141235/tools/bin/../lib/gcc/arm-none-eabi/11.3.1/../../../../arm-none-eabi/lib/thumb/v7e-m+fp/hard\libc_nano.a(libc_a-mlock.o)
                0x000000000800c238                __malloc_unlock
 .text._realloc_r
                0x000000000800c244       0x5e C:/ST/STM32CubeIDE_1.13.2/STM32CubeIDE/plugins/com.st.stm32cube.ide.mcu.externaltools.gnu-tools-for-stm32.11.3.rel1.win32_1.1.100.202309141235/tools/bin/../lib/gcc/arm-none-eabi/11.3.1/../../../../arm-none-eabi/lib/thumb/v7e-m+fp/hard\libc_nano.a(libc_a-reallocr.o)
                0x000000000800c244                _realloc_r
 .text.sulp     0x000000000800c2a2       0x38 C:/ST/STM32CubeIDE_1.13.2/STM32CubeIDE/plugins/com.st.stm32cube.ide.mcu.externaltools.gnu-tools-for-stm32.11.3.rel1.win32_1.1.100.202309141235/tools/bin/../lib/gcc/arm-none-eabi/11.3.1/../../../../arm-none-eabi/lib/thumb/v7e-m+fp/hard\libc_nano.a(libc_a-strtod.o)
 *fill*         0x000000000800c2da        0x6 
 .text._strtod_l
                0x000000000800c2e0      0xbe0 C:/ST/STM32CubeIDE_1.13.2/STM32CubeIDE/plugins/com.st.stm32cube.ide.mcu.externaltools.gnu-tools-for-stm32.11.3.rel1.win32_1.1.100.202309141235/tools/bin/../lib/gcc/arm-none-eabi/11.3.1/../../../../arm-none-eabi/lib/thumb/v7e-m+fp/hard\libc_nano.a(libc_a-strtod.o)
                0x000000000800c2e0                _strtod_l
 .text._strtod_r
                0x000000000800cec0        0xc C:/ST/STM32CubeIDE_1.13.2/STM32CubeIDE/plugins/com.st.stm32cube.ide.mcu.externaltools.gnu-tools-for-stm32.11.3.rel1.win32_1.1.100.202309141235/tools/bin/../lib/gcc/arm-none-eabi/11.3.1/../../../../arm-none-eabi/lib/thumb/v7e-m+fp/hard\libc_nano.a(libc_a-strtod.o)
                0x000000000800cec0                _strtod_r
 .text._strtol_l.constprop.0
                0x000000000800cecc      0x104 C:/ST/STM32CubeIDE_1.13.2/STM32CubeIDE/plugins/com.st.stm32cube.ide.mcu.externaltools.gnu-tools-for-stm32.11.3.rel1.win32_1.1.100.202309141235/tools/bin/../lib/gcc/arm-none-eabi/11.3.1/../../../../arm-none-eabi/lib/thumb/v7e-m+fp/hard\libc_nano.a(libc_a-strtol.o)
 .text._strtol_r
                0x000000000800cfd0        0x4 C:/ST/STM32CubeIDE_1.13.2/STM32CubeIDE/plugins/com.st.stm32cube.ide.mcu.externaltools.gnu-tools-for-stm32.11.3.rel1.win32_1.1.100.202309141235/tools/bin/../lib/gcc/arm-none-eabi/11.3.1/../../../../arm-none-eabi/lib/thumb/v7e-m+fp/hard\libc_nano.a(libc_a-strtol.o)
                0x000000000800cfd0                _strtol_r
 .text.strtol   0x000000000800cfd4       0x14 C:/ST/STM32CubeIDE_1.13.2/STM32CubeIDE/plugins/com.st.stm32cube.ide.mcu.externaltools.gnu-tools-for-stm32.11.3.rel1.win32_1.1.100.202309141235/tools/bin/../lib/gcc/arm-none-eabi/11.3.1/../../../../arm-none-eabi/lib/thumb/v7e-m+fp/hard\libc_nano.a(libc_a-strtol.o)
                0x000000000800cfd4                strtol
 .text.__cvt    0x000000000800cfe8       0xc4 C:/ST/STM32CubeIDE_1.13.2/STM32CubeIDE/plugins/com.st.stm32cube.ide.mcu.externaltools.gnu-tools-for-stm32.11.3.rel1.win32_1.1.100.202309141235/tools/bin/../lib/gcc/arm-none-eabi/11.3.1/../../../../arm-none-eabi/lib/thumb/v7e-m+fp/hard\libc_nano.a(libc_a-nano-vfprintf_float.o)
                0x000000000800cfe8                __cvt
 .text.__exponent
                0x000000000800d0ac       0x7c C:/ST/STM32CubeIDE_1.13.2/STM32CubeIDE/plugins/com.st.stm32cube.ide.mcu.externaltools.gnu-tools-for-stm32.11.3.rel1.win32_1.1.100.202309141235/tools/bin/../lib/gcc/arm-none-eabi/11.3.1/../../../../arm-none-eabi/lib/thumb/v7e-m+fp/hard\libc_nano.a(libc_a-nano-vfprintf_float.o)
                0x000000000800d0ac                __exponent
 .text._printf_float
                0x000000000800d128      0x46c C:/ST/STM32CubeIDE_1.13.2/STM32CubeIDE/plugins/com.st.stm32cube.ide.mcu.externaltools.gnu-tools-for-stm32.11.3.rel1.win32_1.1.100.202309141235/tools/bin/../lib/gcc/arm-none-eabi/11.3.1/../../../../arm-none-eabi/lib/thumb/v7e-m+fp/hard\libc_nano.a(libc_a-nano-vfprintf_float.o)
                0x000000000800d128                _printf_float
 .text._printf_common
                0x000000000800d594       0xda C:/ST/STM32CubeIDE_1.13.2/STM32CubeIDE/plugins/com.st.stm32cube.ide.mcu.externaltools.gnu-tools-for-stm32.11.3.rel1.win32_1.1.100.202309141235/tools/bin/../lib/gcc/arm-none-eabi/11.3.1/../../../../arm-none-eabi/lib/thumb/v7e-m+fp/hard\libc_nano.a(libc_a-nano-vfprintf_i.o)
                0x000000000800d594                _printf_common
 *fill*         0x000000000800d66e        0x2 
 .text._printf_i
                0x000000000800d670      0x244 C:/ST/STM32CubeIDE_1.13.2/STM32CubeIDE/plugins/com.st.stm32cube.ide.mcu.externaltools.gnu-tools-for-stm32.11.3.rel1.win32_1.1.100.202309141235/tools/bin/../lib/gcc/arm-none-eabi/11.3.1/../../../../arm-none-eabi/lib/thumb/v7e-m+fp/hard\libc_nano.a(libc_a-nano-vfprintf_i.o)
                0x000000000800d670                _printf_i
 .text._scanf_float
                0x000000000800d8b4      0x420 C:/ST/STM32CubeIDE_1.13.2/STM32CubeIDE/plugins/com.st.stm32cube.ide.mcu.externaltools.gnu-tools-for-stm32.11.3.rel1.win32_1.1.100.202309141235/tools/bin/../lib/gcc/arm-none-eabi/11.3.1/../../../../arm-none-eabi/lib/thumb/v7e-m+fp/hard\libc_nano.a(libc_a-nano-vfscanf_float.o)
                0x000000000800d8b4                _scanf_float
 .text.std      0x000000000800dcd4       0x6c C:/ST/STM32CubeIDE_1.13.2/STM32CubeIDE/plugins/com.st.stm32cube.ide.mcu.externaltools.gnu-tools-for-stm32.11.3.rel1.win32_1.1.100.202309141235/tools/bin/../lib/gcc/arm-none-eabi/11.3.1/../../../../arm-none-eabi/lib/thumb/v7e-m+fp/hard\libc_nano.a(libc_a-findfp.o)
 .text.stdio_exit_handler
                0x000000000800dd40       0x18 C:/ST/STM32CubeIDE_1.13.2/STM32CubeIDE/plugins/com.st.stm32cube.ide.mcu.externaltools.gnu-tools-for-stm32.11.3.rel1.win32_1.1.100.202309141235/tools/bin/../lib/gcc/arm-none-eabi/11.3.1/../../../../arm-none-eabi/lib/thumb/v7e-m+fp/hard\libc_nano.a(libc_a-findfp.o)
 .text.cleanup_stdio
                0x000000000800dd58       0x40 C:/ST/STM32CubeIDE_1.13.2/STM32CubeIDE/plugins/com.st.stm32cube.ide.mcu.externaltools.gnu-tools-for-stm32.11.3.rel1.win32_1.1.100.202309141235/tools/bin/../lib/gcc/arm-none-eabi/11.3.1/../../../../arm-none-eabi/lib/thumb/v7e-m+fp/hard\libc_nano.a(libc_a-findfp.o)
 .text.global_stdio_init.part.0
                0x000000000800dd98       0x3c C:/ST/STM32CubeIDE_1.13.2/STM32CubeIDE/plugins/com.st.stm32cube.ide.mcu.externaltools.gnu-tools-for-stm32.11.3.rel1.win32_1.1.100.202309141235/tools/bin/../lib/gcc/arm-none-eabi/11.3.1/../../../../arm-none-eabi/lib/thumb/v7e-m+fp/hard\libc_nano.a(libc_a-findfp.o)
 .text.__sfp_lock_acquire
                0x000000000800ddd4        0xc C:/ST/STM32CubeIDE_1.13.2/STM32CubeIDE/plugins/com.st.stm32cube.ide.mcu.externaltools.gnu-tools-for-stm32.11.3.rel1.win32_1.1.100.202309141235/tools/bin/../lib/gcc/arm-none-eabi/11.3.1/../../../../arm-none-eabi/lib/thumb/v7e-m+fp/hard\libc_nano.a(libc_a-findfp.o)
                0x000000000800ddd4                __sfp_lock_acquire
 .text.__sfp_lock_release
                0x000000000800dde0        0xc C:/ST/STM32CubeIDE_1.13.2/STM32CubeIDE/plugins/com.st.stm32cube.ide.mcu.externaltools.gnu-tools-for-stm32.11.3.rel1.win32_1.1.100.202309141235/tools/bin/../lib/gcc/arm-none-eabi/11.3.1/../../../../arm-none-eabi/lib/thumb/v7e-m+fp/hard\libc_nano.a(libc_a-findfp.o)
                0x000000000800dde0                __sfp_lock_release
 .text.__sinit  0x000000000800ddec       0x30 C:/ST/STM32CubeIDE_1.13.2/STM32CubeIDE/plugins/com.st.stm32cube.ide.mcu.externaltools.gnu-tools-for-stm32.11.3.rel1.win32_1.1.100.202309141235/tools/bin/../lib/gcc/arm-none-eabi/11.3.1/../../../../arm-none-eabi/lib/thumb/v7e-m+fp/hard\libc_nano.a(libc_a-findfp.o)
                0x000000000800ddec                __sinit
 .text._fwalk_sglue
                0x000000000800de1c       0x3c C:/ST/STM32CubeIDE_1.13.2/STM32CubeIDE/plugins/com.st.stm32cube.ide.mcu.externaltools.gnu-tools-for-stm32.11.3.rel1.win32_1.1.100.202309141235/tools/bin/../lib/gcc/arm-none-eabi/11.3.1/../../../../arm-none-eabi/lib/thumb/v7e-m+fp/hard\libc_nano.a(libc_a-fwalk.o)
                0x000000000800de1c                _fwalk_sglue
 .text.snprintf
                0x000000000800de58       0x68 C:/ST/STM32CubeIDE_1.13.2/STM32CubeIDE/plugins/com.st.stm32cube.ide.mcu.externaltools.gnu-tools-for-stm32.11.3.rel1.win32_1.1.100.202309141235/tools/bin/../lib/gcc/arm-none-eabi/11.3.1/../../../../arm-none-eabi/lib/thumb/v7e-m+fp/hard\libc_nano.a(libc_a-snprintf.o)
                0x000000000800de58                sniprintf
                0x000000000800de58                snprintf
 .text.sprintf  0x000000000800dec0       0x40 C:/ST/STM32CubeIDE_1.13.2/STM32CubeIDE/plugins/com.st.stm32cube.ide.mcu.externaltools.gnu-tools-for-stm32.11.3.rel1.win32_1.1.100.202309141235/tools/bin/../lib/gcc/arm-none-eabi/11.3.1/../../../../arm-none-eabi/lib/thumb/v7e-m+fp/hard\libc_nano.a(libc_a-sprintf.o)
                0x000000000800dec0                siprintf
                0x000000000800dec0                sprintf
 .text.__sread  0x000000000800df00       0x22 C:/ST/STM32CubeIDE_1.13.2/STM32CubeIDE/plugins/com.st.stm32cube.ide.mcu.externaltools.gnu-tools-for-stm32.11.3.rel1.win32_1.1.100.202309141235/tools/bin/../lib/gcc/arm-none-eabi/11.3.1/../../../../arm-none-eabi/lib/thumb/v7e-m+fp/hard\libc_nano.a(libc_a-stdio.o)
                0x000000000800df00                __sread
 .text.__swrite
                0x000000000800df22       0x38 C:/ST/STM32CubeIDE_1.13.2/STM32CubeIDE/plugins/com.st.stm32cube.ide.mcu.externaltools.gnu-tools-for-stm32.11.3.rel1.win32_1.1.100.202309141235/tools/bin/../lib/gcc/arm-none-eabi/11.3.1/../../../../arm-none-eabi/lib/thumb/v7e-m+fp/hard\libc_nano.a(libc_a-stdio.o)
                0x000000000800df22                __swrite
 .text.__sseek  0x000000000800df5a       0x24 C:/ST/STM32CubeIDE_1.13.2/STM32CubeIDE/plugins/com.st.stm32cube.ide.mcu.externaltools.gnu-tools-for-stm32.11.3.rel1.win32_1.1.100.202309141235/tools/bin/../lib/gcc/arm-none-eabi/11.3.1/../../../../arm-none-eabi/lib/thumb/v7e-m+fp/hard\libc_nano.a(libc_a-stdio.o)
                0x000000000800df5a                __sseek
 .text.__sclose
                0x000000000800df7e        0x8 C:/ST/STM32CubeIDE_1.13.2/STM32CubeIDE/plugins/com.st.stm32cube.ide.mcu.externaltools.gnu-tools-for-stm32.11.3.rel1.win32_1.1.100.202309141235/tools/bin/../lib/gcc/arm-none-eabi/11.3.1/../../../../arm-none-eabi/lib/thumb/v7e-m+fp/hard\libc_nano.a(libc_a-stdio.o)
                0x000000000800df7e                __sclose
 .text._vsnprintf_r
                0x000000000800df86       0x56 C:/ST/STM32CubeIDE_1.13.2/STM32CubeIDE/plugins/com.st.stm32cube.ide.mcu.externaltools.gnu-tools-for-stm32.11.3.rel1.win32_1.1.100.202309141235/tools/bin/../lib/gcc/arm-none-eabi/11.3.1/../../../../arm-none-eabi/lib/thumb/v7e-m+fp/hard\libc_nano.a(libc_a-vsnprintf.o)
                0x000000000800df86                _vsniprintf_r
                0x000000000800df86                _vsnprintf_r
 .text.vsnprintf
                0x000000000800dfdc       0x1c C:/ST/STM32CubeIDE_1.13.2/STM32CubeIDE/plugins/com.st.stm32cube.ide.mcu.externaltools.gnu-tools-for-stm32.11.3.rel1.win32_1.1.100.202309141235/tools/bin/../lib/gcc/arm-none-eabi/11.3.1/../../../../arm-none-eabi/lib/thumb/v7e-m+fp/hard\libc_nano.a(libc_a-vsnprintf.o)
                0x000000000800dfdc                vsniprintf
                0x000000000800dfdc                vsnprintf
 .text.memset   0x000000000800dff8       0x10 C:/ST/STM32CubeIDE_1.13.2/STM32CubeIDE/plugins/com.st.stm32cube.ide.mcu.externaltools.gnu-tools-for-stm32.11.3.rel1.win32_1.1.100.202309141235/tools/bin/../lib/gcc/arm-none-eabi/11.3.1/../../../../arm-none-eabi/lib/thumb/v7e-m+fp/hard\libc_nano.a(libc_a-memset.o)
                0x000000000800dff8                memset
 .text.strncmp  0x000000000800e008       0x24 C:/ST/STM32CubeIDE_1.13.2/STM32CubeIDE/plugins/com.st.stm32cube.ide.mcu.externaltools.gnu-tools-for-stm32.11.3.rel1.win32_1.1.100.202309141235/tools/bin/../lib/gcc/arm-none-eabi/11.3.1/../../../../arm-none-eabi/lib/thumb/v7e-m+fp/hard\libc_nano.a(libc_a-strncmp.o)
                0x000000000800e008                strncmp
 .text._localeconv_r
                0x000000000800e02c        0x8 C:/ST/STM32CubeIDE_1.13.2/STM32CubeIDE/plugins/com.st.stm32cube.ide.mcu.externaltools.gnu-tools-for-stm32.11.3.rel1.win32_1.1.100.202309141235/tools/bin/../lib/gcc/arm-none-eabi/11.3.1/../../../../arm-none-eabi/lib/thumb/v7e-m+fp/hard\libc_nano.a(libc_a-localeconv.o)
                0x000000000800e02c                _localeconv_r
 .text._close_r
                0x000000000800e034       0x20 C:/ST/STM32CubeIDE_1.13.2/STM32CubeIDE/plugins/com.st.stm32cube.ide.mcu.externaltools.gnu-tools-for-stm32.11.3.rel1.win32_1.1.100.202309141235/tools/bin/../lib/gcc/arm-none-eabi/11.3.1/../../../../arm-none-eabi/lib/thumb/v7e-m+fp/hard\libc_nano.a(libc_a-closer.o)
                0x000000000800e034                _close_r
 .text._reclaim_reent
                0x000000000800e054       0xac C:/ST/STM32CubeIDE_1.13.2/STM32CubeIDE/plugins/com.st.stm32cube.ide.mcu.externaltools.gnu-tools-for-stm32.11.3.rel1.win32_1.1.100.202309141235/tools/bin/../lib/gcc/arm-none-eabi/11.3.1/../../../../arm-none-eabi/lib/thumb/v7e-m+fp/hard\libc_nano.a(libc_a-reent.o)
                0x000000000800e054                _reclaim_reent
 .text._lseek_r
                0x000000000800e100       0x24 C:/ST/STM32CubeIDE_1.13.2/STM32CubeIDE/plugins/com.st.stm32cube.ide.mcu.externaltools.gnu-tools-for-stm32.11.3.rel1.win32_1.1.100.202309141235/tools/bin/../lib/gcc/arm-none-eabi/11.3.1/../../../../arm-none-eabi/lib/thumb/v7e-m+fp/hard\libc_nano.a(libc_a-lseekr.o)
                0x000000000800e100                _lseek_r
 .text._read_r  0x000000000800e124       0x24 C:/ST/STM32CubeIDE_1.13.2/STM32CubeIDE/plugins/com.st.stm32cube.ide.mcu.externaltools.gnu-tools-for-stm32.11.3.rel1.win32_1.1.100.202309141235/tools/bin/../lib/gcc/arm-none-eabi/11.3.1/../../../../arm-none-eabi/lib/thumb/v7e-m+fp/hard\libc_nano.a(libc_a-readr.o)
                0x000000000800e124                _read_r
 .text._sbrk_r  0x000000000800e148       0x20 C:/ST/STM32CubeIDE_1.13.2/STM32CubeIDE/plugins/com.st.stm32cube.ide.mcu.externaltools.gnu-tools-for-stm32.11.3.rel1.win32_1.1.100.202309141235/tools/bin/../lib/gcc/arm-none-eabi/11.3.1/../../../../arm-none-eabi/lib/thumb/v7e-m+fp/hard\libc_nano.a(libc_a-sbrkr.o)
                0x000000000800e148                _sbrk_r
 .text._write_r
                0x000000000800e168       0x24 C:/ST/STM32CubeIDE_1.13.2/STM32CubeIDE/plugins/com.st.stm32cube.ide.mcu.externaltools.gnu-tools-for-stm32.11.3.rel1.win32_1.1.100.202309141235/tools/bin/../lib/gcc/arm-none-eabi/11.3.1/../../../../arm-none-eabi/lib/thumb/v7e-m+fp/hard\libc_nano.a(libc_a-writer.o)
                0x000000000800e168                _write_r
 .text.__errno  0x000000000800e18c        0xc C:/ST/STM32CubeIDE_1.13.2/STM32CubeIDE/plugins/com.st.stm32cube.ide.mcu.externaltools.gnu-tools-for-stm32.11.3.rel1.win32_1.1.100.202309141235/tools/bin/../lib/gcc/arm-none-eabi/11.3.1/../../../../arm-none-eabi/lib/thumb/v7e-m+fp/hard\libc_nano.a(libc_a-errno.o)
                0x000000000800e18c                __errno
 .text.__libc_init_array
                0x000000000800e198       0x48 C:/ST/STM32CubeIDE_1.13.2/STM32CubeIDE/plugins/com.st.stm32cube.ide.mcu.externaltools.gnu-tools-for-stm32.11.3.rel1.win32_1.1.100.202309141235/tools/bin/../lib/gcc/arm-none-eabi/11.3.1/../../../../arm-none-eabi/lib/thumb/v7e-m+fp/hard\libc_nano.a(libc_a-init.o)
                0x000000000800e198                __libc_init_array
 .text.__retarget_lock_init_recursive
                0x000000000800e1e0        0x2 C:/ST/STM32CubeIDE_1.13.2/STM32CubeIDE/plugins/com.st.stm32cube.ide.mcu.externaltools.gnu-tools-for-stm32.11.3.rel1.win32_1.1.100.202309141235/tools/bin/../lib/gcc/arm-none-eabi/11.3.1/../../../../arm-none-eabi/lib/thumb/v7e-m+fp/hard\libc_nano.a(libc_a-lock.o)
                0x000000000800e1e0                __retarget_lock_init_recursive
 .text.__retarget_lock_acquire_recursive
                0x000000000800e1e2        0x2 C:/ST/STM32CubeIDE_1.13.2/STM32CubeIDE/plugins/com.st.stm32cube.ide.mcu.externaltools.gnu-tools-for-stm32.11.3.rel1.win32_1.1.100.202309141235/tools/bin/../lib/gcc/arm-none-eabi/11.3.1/../../../../arm-none-eabi/lib/thumb/v7e-m+fp/hard\libc_nano.a(libc_a-lock.o)
                0x000000000800e1e2                __retarget_lock_acquire_recursive
 .text.__retarget_lock_release_recursive
                0x000000000800e1e4        0x2 C:/ST/STM32CubeIDE_1.13.2/STM32CubeIDE/plugins/com.st.stm32cube.ide.mcu.externaltools.gnu-tools-for-stm32.11.3.rel1.win32_1.1.100.202309141235/tools/bin/../lib/gcc/arm-none-eabi/11.3.1/../../../../arm-none-eabi/lib/thumb/v7e-m+fp/hard\libc_nano.a(libc_a-lock.o)
                0x000000000800e1e4                __retarget_lock_release_recursive
 .text.strcpy   0x000000000800e1e6       0x10 C:/ST/STM32CubeIDE_1.13.2/STM32CubeIDE/plugins/com.st.stm32cube.ide.mcu.externaltools.gnu-tools-for-stm32.11.3.rel1.win32_1.1.100.202309141235/tools/bin/../lib/gcc/arm-none-eabi/11.3.1/../../../../arm-none-eabi/lib/thumb/v7e-m+fp/hard\libc_nano.a(libc_a-strcpy.o)
                0x000000000800e1e6                strcpy
 .text.memcpy   0x000000000800e1f6       0x1c C:/ST/STM32CubeIDE_1.13.2/STM32CubeIDE/plugins/com.st.stm32cube.ide.mcu.externaltools.gnu-tools-for-stm32.11.3.rel1.win32_1.1.100.202309141235/tools/bin/../lib/gcc/arm-none-eabi/11.3.1/../../../../arm-none-eabi/lib/thumb/v7e-m+fp/hard\libc_nano.a(libc_a-memcpy-stub.o)
                0x000000000800e1f6                memcpy
 *fill*         0x000000000800e212        0x6 
 .text.nan      0x000000000800e218       0x10 C:/ST/STM32CubeIDE_1.13.2/STM32CubeIDE/plugins/com.st.stm32cube.ide.mcu.externaltools.gnu-tools-for-stm32.11.3.rel1.win32_1.1.100.202309141235/tools/bin/../lib/gcc/arm-none-eabi/11.3.1/../../../../arm-none-eabi/lib/thumb/v7e-m+fp/hard\libc_nano.a(libm_a-s_nan.o)
                0x000000000800e218                nan
 .text.nanf     0x000000000800e228        0xc C:/ST/STM32CubeIDE_1.13.2/STM32CubeIDE/plugins/com.st.stm32cube.ide.mcu.externaltools.gnu-tools-for-stm32.11.3.rel1.win32_1.1.100.202309141235/tools/bin/../lib/gcc/arm-none-eabi/11.3.1/../../../../arm-none-eabi/lib/thumb/v7e-m+fp/hard\libc_nano.a(libm_a-sf_nan.o)
                0x000000000800e228                nanf
 .text.quorem   0x000000000800e234      0x110 C:/ST/STM32CubeIDE_1.13.2/STM32CubeIDE/plugins/com.st.stm32cube.ide.mcu.externaltools.gnu-tools-for-stm32.11.3.rel1.win32_1.1.100.202309141235/tools/bin/../lib/gcc/arm-none-eabi/11.3.1/../../../../arm-none-eabi/lib/thumb/v7e-m+fp/hard\libc_nano.a(libc_a-dtoa.o)
 *fill*         0x000000000800e344        0x4 
 .text._dtoa_r  0x000000000800e348      0xbe4 C:/ST/STM32CubeIDE_1.13.2/STM32CubeIDE/plugins/com.st.stm32cube.ide.mcu.externaltools.gnu-tools-for-stm32.11.3.rel1.win32_1.1.100.202309141235/tools/bin/../lib/gcc/arm-none-eabi/11.3.1/../../../../arm-none-eabi/lib/thumb/v7e-m+fp/hard\libc_nano.a(libc_a-dtoa.o)
                0x000000000800e348                _dtoa_r
 .text._free_r  0x000000000800ef2c       0x98 C:/ST/STM32CubeIDE_1.13.2/STM32CubeIDE/plugins/com.st.stm32cube.ide.mcu.externaltools.gnu-tools-for-stm32.11.3.rel1.win32_1.1.100.202309141235/tools/bin/../lib/gcc/arm-none-eabi/11.3.1/../../../../arm-none-eabi/lib/thumb/v7e-m+fp/hard\libc_nano.a(libc_a-freer.o)
                0x000000000800ef2c                _free_r
 .text.rshift   0x000000000800efc4       0xa4 C:/ST/STM32CubeIDE_1.13.2/STM32CubeIDE/plugins/com.st.stm32cube.ide.mcu.externaltools.gnu-tools-for-stm32.11.3.rel1.win32_1.1.100.202309141235/tools/bin/../lib/gcc/arm-none-eabi/11.3.1/../../../../arm-none-eabi/lib/thumb/v7e-m+fp/hard\libc_nano.a(libc_a-gdtoa-gethex.o)
 .text.__hexdig_fun
                0x000000000800f068       0x2a C:/ST/STM32CubeIDE_1.13.2/STM32CubeIDE/plugins/com.st.stm32cube.ide.mcu.externaltools.gnu-tools-for-stm32.11.3.rel1.win32_1.1.100.202309141235/tools/bin/../lib/gcc/arm-none-eabi/11.3.1/../../../../arm-none-eabi/lib/thumb/v7e-m+fp/hard\libc_nano.a(libc_a-gdtoa-gethex.o)
                0x000000000800f068                __hexdig_fun
 *fill*         0x000000000800f092        0x2 
 .text.__gethex
                0x000000000800f094      0x45c C:/ST/STM32CubeIDE_1.13.2/STM32CubeIDE/plugins/com.st.stm32cube.ide.mcu.externaltools.gnu-tools-for-stm32.11.3.rel1.win32_1.1.100.202309141235/tools/bin/../lib/gcc/arm-none-eabi/11.3.1/../../../../arm-none-eabi/lib/thumb/v7e-m+fp/hard\libc_nano.a(libc_a-gdtoa-gethex.o)
                0x000000000800f094                __gethex
 .text.L_shift  0x000000000800f4f0       0x24 C:/ST/STM32CubeIDE_1.13.2/STM32CubeIDE/plugins/com.st.stm32cube.ide.mcu.externaltools.gnu-tools-for-stm32.11.3.rel1.win32_1.1.100.202309141235/tools/bin/../lib/gcc/arm-none-eabi/11.3.1/../../../../arm-none-eabi/lib/thumb/v7e-m+fp/hard\libc_nano.a(libc_a-gdtoa-hexnan.o)
 .text.__match  0x000000000800f514       0x28 C:/ST/STM32CubeIDE_1.13.2/STM32CubeIDE/plugins/com.st.stm32cube.ide.mcu.externaltools.gnu-tools-for-stm32.11.3.rel1.win32_1.1.100.202309141235/tools/bin/../lib/gcc/arm-none-eabi/11.3.1/../../../../arm-none-eabi/lib/thumb/v7e-m+fp/hard\libc_nano.a(libc_a-gdtoa-hexnan.o)
                0x000000000800f514                __match
 .text.__hexnan
                0x000000000800f53c      0x136 C:/ST/STM32CubeIDE_1.13.2/STM32CubeIDE/plugins/com.st.stm32cube.ide.mcu.externaltools.gnu-tools-for-stm32.11.3.rel1.win32_1.1.100.202309141235/tools/bin/../lib/gcc/arm-none-eabi/11.3.1/../../../../arm-none-eabi/lib/thumb/v7e-m+fp/hard\libc_nano.a(libc_a-gdtoa-hexnan.o)
                0x000000000800f53c                __hexnan
 .text.__ascii_mbtowc
                0x000000000800f672       0x24 C:/ST/STM32CubeIDE_1.13.2/STM32CubeIDE/plugins/com.st.stm32cube.ide.mcu.externaltools.gnu-tools-for-stm32.11.3.rel1.win32_1.1.100.202309141235/tools/bin/../lib/gcc/arm-none-eabi/11.3.1/../../../../arm-none-eabi/lib/thumb/v7e-m+fp/hard\libc_nano.a(libc_a-mbtowc_r.o)
                0x000000000800f672                __ascii_mbtowc
 *fill*         0x000000000800f696        0x2 
 .text._Balloc  0x000000000800f698       0x80 C:/ST/STM32CubeIDE_1.13.2/STM32CubeIDE/plugins/com.st.stm32cube.ide.mcu.externaltools.gnu-tools-for-stm32.11.3.rel1.win32_1.1.100.202309141235/tools/bin/../lib/gcc/arm-none-eabi/11.3.1/../../../../arm-none-eabi/lib/thumb/v7e-m+fp/hard\libc_nano.a(libc_a-mprec.o)
                0x000000000800f698                _Balloc
 .text._Bfree   0x000000000800f718       0x44 C:/ST/STM32CubeIDE_1.13.2/STM32CubeIDE/plugins/com.st.stm32cube.ide.mcu.externaltools.gnu-tools-for-stm32.11.3.rel1.win32_1.1.100.202309141235/tools/bin/../lib/gcc/arm-none-eabi/11.3.1/../../../../arm-none-eabi/lib/thumb/v7e-m+fp/hard\libc_nano.a(libc_a-mprec.o)
                0x000000000800f718                _Bfree
 .text.__multadd
                0x000000000800f75c       0x8c C:/ST/STM32CubeIDE_1.13.2/STM32CubeIDE/plugins/com.st.stm32cube.ide.mcu.externaltools.gnu-tools-for-stm32.11.3.rel1.win32_1.1.100.202309141235/tools/bin/../lib/gcc/arm-none-eabi/11.3.1/../../../../arm-none-eabi/lib/thumb/v7e-m+fp/hard\libc_nano.a(libc_a-mprec.o)
                0x000000000800f75c                __multadd
 .text.__s2b    0x000000000800f7e8       0x94 C:/ST/STM32CubeIDE_1.13.2/STM32CubeIDE/plugins/com.st.stm32cube.ide.mcu.externaltools.gnu-tools-for-stm32.11.3.rel1.win32_1.1.100.202309141235/tools/bin/../lib/gcc/arm-none-eabi/11.3.1/../../../../arm-none-eabi/lib/thumb/v7e-m+fp/hard\libc_nano.a(libc_a-mprec.o)
                0x000000000800f7e8                __s2b
 .text.__hi0bits