../H_Drivers/MOTOR_MDD10A/MOTOR_MDD10A.c:27:6:MOTOR_voidInitMotor	8	static
../H_Drivers/MOTOR_MDD10A/MOTOR_MDD10A.c:51:17:MOTOR_voidMoveForward	24	static
../H_Drivers/MOTOR_MDD10A/MOTOR_MDD10A.c:84:17:MOTOR_voidMoveBackward	24	static
../H_Drivers/MOTOR_MDD10A/MOTOR_MDD10A.c:117:17:MOTOR_voidTurnLeft	32	static
../H_Drivers/MOTOR_MDD10A/MOTOR_MDD10A.c:157:17:MOTOR_voidTurnRight	32	static
../H_Drivers/MOTOR_MDD10A/MOTOR_MDD10A.c:193:6:MOTOR_voidStopMoving	16	static
../H_Drivers/MOTOR_MDD10A/MOTOR_MDD10A.c:216:17:HAL_TIM_PMM_DutyCycle	24	static
../H_Drivers/MOTOR_MDD10A/MOTOR_MDD10A.c:263:13:Select_CCRx	16	static
