../H_Drivers/MOTOR_MDD10A/MOTOR_MDD10A.c:25:6:MOTOR_voidInitMotor	8	static
../H_Drivers/MOTOR_MDD10A/MOTOR_MDD10A.c:50:17:MOTOR_voidMoveForward	24	static
../H_Drivers/MOTOR_MDD10A/MOTOR_MDD10A.c:83:17:MOTOR_voidMoveBackward	24	static
../H_Drivers/MOTOR_MDD10A/MOTOR_MDD10A.c:122:17:MOTOR_voidTurnLeft	32	static
../H_Drivers/MOTOR_MDD10A/MOTOR_MDD10A.c:168:17:MOTOR_voidTurnRight	32	static
../H_Drivers/MOTOR_MDD10A/MOTOR_MDD10A.c:204:6:MOTOR_voidStopMoving	16	static
../H_Drivers/MOTOR_MDD10A/MOTOR_MDD10A.c:229:17:HAL_TIM_PMM_DutyCycle	24	static
../H_Drivers/MOTOR_MDD10A/MOTOR_MDD10A.c:276:13:Select_CCRx	16	static
