../Core/Src/main.c:216:5:main	8	static
../Core/Src/main.c:335:6:SystemClock_Config	88	static
../Core/Src/main.c:377:13:MX_I2C1_Init	8	static
../Core/Src/main.c:411:13:MX_TIM3_Init	64	static
../Core/Src/main.c:475:13:MX_USART1_UART_Init	8	static
../Core/Src/main.c:508:13:MX_USART2_UART_Init	8	static
../Core/Src/main.c:541:13:MX_USART6_UART_Init	8	static
../Core/Src/main.c:572:13:MX_DMA_Init	16	static
../Core/Src/main.c:606:13:MX_GPIO_Init	16	static
../Core/Src/main.c:628:6:HAL_UART_RxCpltCallback	16	static
../Core/Src/main.c:648:6:HAL_I2C_MemRxCpltCallback	16	static
../Core/Src/main.c:677:6:Task1	32	static
../Core/Src/main.c:694:6:Task2	32	static
../Core/Src/main.c:719:6:StartDefaultTask	16	static
../Core/Src/main.c:737:6:StartTask02	72	static
../Core/Src/main.c:782:6:StartTask03	120	static
../Core/Src/main.c:819:6:HAL_TIM_PeriodElapsedCallback	16	static
../Core/Src/main.c:836:6:Error_Handler	4	static,ignoring_inline_asm
