../Core/Src/main.c:283:5:main	8	static
../Core/Src/main.c:439:6:SystemClock_Config	88	static
../Core/Src/main.c:486:13:MX_I2C1_Init	8	static
../Core/Src/main.c:520:13:MX_TIM3_Init	64	static
../Core/Src/main.c:584:13:MX_USART1_UART_Init	8	static
../Core/Src/main.c:617:13:MX_USART2_UART_Init	8	static
../Core/Src/main.c:650:13:MX_USART6_UART_Init	8	static
../Core/Src/main.c:681:13:MX_DMA_Init	16	static
../Core/Src/main.c:712:13:MX_GPIO_Init	40	static
../Core/Src/main.c:756:6:HAL_UART_TxCpltCallback	16	static
../Core/Src/main.c:766:6:HAL_UART_RxCpltCallback	16	static
../Core/Src/main.c:790:6:HAL_I2C_MemRxCpltCallback	16	static
../Core/Src/main.c:808:6:Objects_init	4	static
../Core/Src/main.c:818:6:Task_Test	24	static
../Core/Src/main.c:833:6:Task1	32	static
../Core/Src/main.c:850:6:Task2	32	static
../Core/Src/main.c:875:6:StartDefaultTask	16	static
../Core/Src/main.c:906:6:HAL_TIM_PeriodElapsedCallback	16	static
../Core/Src/main.c:923:6:Error_Handler	4	static,ignoring_inline_asm
