../Core/Src/main.c:279:5:main	1
../Core/Src/main.c:434:6:SystemClock_Config	3
../Core/Src/main.c:481:13:MX_I2C1_Init	2
../Core/Src/main.c:515:13:MX_TIM3_Init	7
../Core/Src/main.c:579:13:MX_USART1_UART_Init	2
../Core/Src/main.c:612:13:MX_USART2_UART_Init	2
../Core/Src/main.c:645:13:MX_USART6_UART_Init	2
../Core/Src/main.c:676:13:MX_DMA_Init	1
../Core/Src/main.c:707:13:MX_GPIO_Init	1
../Core/Src/main.c:751:6:HAL_UART_TxCpltCallback	2
../Core/Src/main.c:761:6:HAL_UART_RxCpltCallback	4
../Core/Src/main.c:785:6:HAL_I2C_MemRxCpltCallback	2
../Core/Src/main.c:803:6:Objects_init	1
../Core/Src/main.c:813:6:Task_Test	1
../Core/Src/main.c:828:6:Task1	2
../Core/Src/main.c:845:6:Task2	2
../Core/Src/main.c:870:6:StartDefaultTask	1
../Core/Src/main.c:896:6:HAL_TIM_PeriodElapsedCallback	2
../Core/Src/main.c:913:6:Error_Handler	1
