../Application/testing/test.c:18:6:log_send_func	16	static
../Application/testing/test.c:22:6:testing_logs_init	16	static
../Application/testing/test.c:28:6:testing_logs_task1	24	static
../Application/testing/test.c:40:6:testing_logs_task2	24	static
../Application/testing/test.c:57:6:testing_UART_init	24	static
../Application/testing/test.c:65:6:testing_UART_task3	88	static
../Application/testing/test.c:79:6:testing_UART_task4	48	static
../Application/testing/test.c:98:6:testing_UART_task4_CallBack	8	static
